Archive member included to satisfy reference by file (symbol)

C:/ST/STM32CubeIDE_1.19.0/STM32CubeIDE/plugins/com.st.stm32cube.ide.mcu.externaltools.gnu-tools-for-stm32.14.3.rel1.win32_1.0.100.202602081740/tools/bin/../lib/gcc/arm-none-eabi/14.3.1/../../../../arm-none-eabi/lib/thumb/v7-m/nofp\libc_nano.a(libc_a-exit.o)
                              C:/ST/STM32CubeIDE_1.19.0/STM32CubeIDE/plugins/com.st.stm32cube.ide.mcu.externaltools.gnu-tools-for-stm32.14.3.rel1.win32_1.0.100.202602081740/tools/bin/../lib/gcc/arm-none-eabi/14.3.1/../../../../arm-none-eabi/lib/thumb/v7-m/nofp/crt0.o (exit)
C:/ST/STM32CubeIDE_1.19.0/STM32CubeIDE/plugins/com.st.stm32cube.ide.mcu.externaltools.gnu-tools-for-stm32.14.3.rel1.win32_1.0.100.202602081740/tools/bin/../lib/gcc/arm-none-eabi/14.3.1/../../../../arm-none-eabi/lib/thumb/v7-m/nofp\libc_nano.a(libc_a-findfp.o)
                              C:/ST/STM32CubeIDE_1.19.0/STM32CubeIDE/plugins/com.st.stm32cube.ide.mcu.externaltools.gnu-tools-for-stm32.14.3.rel1.win32_1.0.100.202602081740/tools/bin/../lib/gcc/arm-none-eabi/14.3.1/../../../../arm-none-eabi/lib/thumb/v7-m/nofp\libc_nano.a(libc_a-exit.o) (__stdio_exit_handler)
C:/ST/STM32CubeIDE_1.19.0/STM32CubeIDE/plugins/com.st.stm32cube.ide.mcu.externaltools.gnu-tools-for-stm32.14.3.rel1.win32_1.0.100.202602081740/tools/bin/../lib/gcc/arm-none-eabi/14.3.1/../../../../arm-none-eabi/lib/thumb/v7-m/nofp\libc_nano.a(libc_a-fwalk.o)
                              C:/ST/STM32CubeIDE_1.19.0/STM32CubeIDE/plugins/com.st.stm32cube.ide.mcu.externaltools.gnu-tools-for-stm32.14.3.rel1.win32_1.0.100.202602081740/tools/bin/../lib/gcc/arm-none-eabi/14.3.1/../../../../arm-none-eabi/lib/thumb/v7-m/nofp\libc_nano.a(libc_a-findfp.o) (_fwalk_sglue)
C:/ST/STM32CubeIDE_1.19.0/STM32CubeIDE/plugins/com.st.stm32cube.ide.mcu.externaltools.gnu-tools-for-stm32.14.3.rel1.win32_1.0.100.202602081740/tools/bin/../lib/gcc/arm-none-eabi/14.3.1/../../../../arm-none-eabi/lib/thumb/v7-m/nofp\libc_nano.a(libc_a-stdio.o)
                              C:/ST/STM32CubeIDE_1.19.0/STM32CubeIDE/plugins/com.st.stm32cube.ide.mcu.externaltools.gnu-tools-for-stm32.14.3.rel1.win32_1.0.100.202602081740/tools/bin/../lib/gcc/arm-none-eabi/14.3.1/../../../../arm-none-eabi/lib/thumb/v7-m/nofp\libc_nano.a(libc_a-findfp.o) (__sread)
C:/ST/STM32CubeIDE_1.19.0/STM32CubeIDE/plugins/com.st.stm32cube.ide.mcu.externaltools.gnu-tools-for-stm32.14.3.rel1.win32_1.0.100.202602081740/tools/bin/../lib/gcc/arm-none-eabi/14.3.1/../../../../arm-none-eabi/lib/thumb/v7-m/nofp\libc_nano.a(libc_a-memset.o)
                              C:/ST/STM32CubeIDE_1.19.0/STM32CubeIDE/plugins/com.st.stm32cube.ide.mcu.externaltools.gnu-tools-for-stm32.14.3.rel1.win32_1.0.100.202602081740/tools/bin/../lib/gcc/arm-none-eabi/14.3.1/../../../../arm-none-eabi/lib/thumb/v7-m/nofp/crt0.o (memset)
C:/ST/STM32CubeIDE_1.19.0/STM32CubeIDE/plugins/com.st.stm32cube.ide.mcu.externaltools.gnu-tools-for-stm32.14.3.rel1.win32_1.0.100.202602081740/tools/bin/../lib/gcc/arm-none-eabi/14.3.1/../../../../arm-none-eabi/lib/thumb/v7-m/nofp\libc_nano.a(libc_a-closer.o)
                              C:/ST/STM32CubeIDE_1.19.0/STM32CubeIDE/plugins/com.st.stm32cube.ide.mcu.externaltools.gnu-tools-for-stm32.14.3.rel1.win32_1.0.100.202602081740/tools/bin/../lib/gcc/arm-none-eabi/14.3.1/../../../../arm-none-eabi/lib/thumb/v7-m/nofp\libc_nano.a(libc_a-stdio.o) (_close_r)
C:/ST/STM32CubeIDE_1.19.0/STM32CubeIDE/plugins/com.st.stm32cube.ide.mcu.externaltools.gnu-tools-for-stm32.14.3.rel1.win32_1.0.100.202602081740/tools/bin/../lib/gcc/arm-none-eabi/14.3.1/../../../../arm-none-eabi/lib/thumb/v7-m/nofp\libc_nano.a(libc_a-reent.o)
                              C:/ST/STM32CubeIDE_1.19.0/STM32CubeIDE/plugins/com.st.stm32cube.ide.mcu.externaltools.gnu-tools-for-stm32.14.3.rel1.win32_1.0.100.202602081740/tools/bin/../lib/gcc/arm-none-eabi/14.3.1/../../../../arm-none-eabi/lib/thumb/v7-m/nofp\libc_nano.a(libc_a-closer.o) (errno)
C:/ST/STM32CubeIDE_1.19.0/STM32CubeIDE/plugins/com.st.stm32cube.ide.mcu.externaltools.gnu-tools-for-stm32.14.3.rel1.win32_1.0.100.202602081740/tools/bin/../lib/gcc/arm-none-eabi/14.3.1/../../../../arm-none-eabi/lib/thumb/v7-m/nofp\libc_nano.a(libc_a-impure.o)
                              C:/ST/STM32CubeIDE_1.19.0/STM32CubeIDE/plugins/com.st.stm32cube.ide.mcu.externaltools.gnu-tools-for-stm32.14.3.rel1.win32_1.0.100.202602081740/tools/bin/../lib/gcc/arm-none-eabi/14.3.1/../../../../arm-none-eabi/lib/thumb/v7-m/nofp\libc_nano.a(libc_a-reent.o) (_impure_ptr)
C:/ST/STM32CubeIDE_1.19.0/STM32CubeIDE/plugins/com.st.stm32cube.ide.mcu.externaltools.gnu-tools-for-stm32.14.3.rel1.win32_1.0.100.202602081740/tools/bin/../lib/gcc/arm-none-eabi/14.3.1/../../../../arm-none-eabi/lib/thumb/v7-m/nofp\libc_nano.a(libc_a-lseekr.o)
[...]
Memory Configuration

Name             Origin             Length             Attributes
RAM              0x20000000         0x00005000         xrw
FLASH            0x08000000         0x00020000         xr
*default*        0x00000000         0xffffffff

Linker script and memory map

LOAD C:/ST/STM32CubeIDE_1.19.0/STM32CubeIDE/plugins/com.st.stm32cube.ide.mcu.externaltools.gnu-tools-for-stm32.14.3.rel1.win32_1.0.100.202602081740/tools/bin/../lib/gcc/arm-none-eabi/14.3.1/thumb/v7-m/nofp/crti.o
LOAD C:/ST/STM32CubeIDE_1.19.0/STM32CubeIDE/plugins/com.st.stm32cube.ide.mcu.externaltools.gnu-tools-for-stm32.14.3.rel1.win32_1.0.100.202602081740/tools/bin/../lib/gcc/arm-none-eabi/14.3.1/thumb/v7-m/nofp/crtbegin.o
LOAD C:/ST/STM32CubeIDE_1.19.0/STM32CubeIDE/plugins/com.st.stm32cube.ide.mcu.externaltools.gnu-tools-for-stm32.14.3.rel1.win32_1.0.100.202602081740/tools/bin/../lib/gcc/arm-none-eabi/14.3.1/../../../../arm-none-eabi/lib/thumb/v7-m/nofp/crt0.o
LOAD ./Core/Src/Driver_tb67h450.o
LOAD ./Core/Src/Encoder_mt6701.o
LOAD ./Core/Src/can.o
LOAD ./Core/Src/encoder_calib.o
LOAD ./Core/Src/gpio.o
LOAD ./Core/Src/main.o
LOAD ./Core/Src/spi.o
LOAD ./Core/Src/stm32f1xx_hal_msp.o
LOAD ./Core/Src/stm32f1xx_it.o
LOAD ./Core/Src/syscalls.o
LOAD ./Core/Src/sysmem.o
LOAD ./Core/Src/system_stm32f1xx.o
LOAD ./Core/Src/tim.o
LOAD ./Core/Startup/startup_stm32f103cbtx.o
LOAD ./Drivers/STM32F1xx_HAL_Driver/Src/stm32f1xx_hal.o
LOAD ./Drivers/STM32F1xx_HAL_Driver/Src/stm32f1xx_hal_can.o
LOAD ./Drivers/STM32F1xx_HAL_Driver/Src/stm32f1xx_hal_cortex.o
LOAD ./Drivers/STM32F1xx_HAL_Driver/Src/stm32f1xx_hal_dma.o
LOAD ./Drivers/STM32F1xx_HAL_Driver/Src/stm32f1xx_hal_exti.o
LOAD ./Drivers/STM32F1xx_HAL_Driver/Src/stm32f1xx_hal_flash.o
LOAD ./Drivers/STM32F1xx_HAL_Driver/Src/stm32f1xx_hal_flash_ex.o
LOAD ./Drivers/STM32F1xx_HAL_Driver/Src/stm32f1xx_hal_gpio.o
LOAD ./Drivers/STM32F1xx_HAL_Driver/Src/stm32f1xx_hal_gpio_ex.o
LOAD ./Drivers/STM32F1xx_HAL_Driver/Src/stm32f1xx_hal_pwr.o
LOAD ./Drivers/STM32F1xx_HAL_Driver/Src/stm32f1xx_hal_rcc.o
LOAD ./Drivers/STM32F1xx_HAL_Driver/Src/stm32f1xx_hal_rcc_ex.o
LOAD ./Drivers/STM32F1xx_HAL_Driver/Src/stm32f1xx_hal_spi.o
LOAD ./Drivers/STM32F1xx_HAL_Driver/Src/stm32f1xx_hal_tim.o
LOAD ./Drivers/STM32F1xx_HAL_Driver/Src/stm32f1xx_hal_tim_ex.o
START GROUP
LOAD C:/ST/STM32CubeIDE_1.19.0/STM32CubeIDE/plugins/com.st.stm32cube.ide.mcu.externaltools.gnu-tools-for-stm32.14.3.rel1.win32_1.0.100.202602081740/tools/bin/../lib/gcc/arm-none-eabi/14.3.1/../../../../arm-none-eabi/lib/thumb/v7-m/nofp\libc_nano.a
LOAD C:/ST/STM32CubeIDE_1.19.0/STM32CubeIDE/plugins/com.st.stm32cube.ide.mcu.externaltools.gnu-tools-for-stm32.14.3.rel1.win32_1.0.100.202602081740/tools/bin/../lib/gcc/arm-none-eabi/14.3.1/../../../../arm-none-eabi/lib/thumb/v7-m/nofp\libm.a
END GROUP
START GROUP
LOAD C:/ST/STM32CubeIDE_1.19.0/STM32CubeIDE/plugins/com.st.stm32cube.ide.mcu.externaltools.gnu-tools-for-stm32.14.3.rel1.win32_1.0.100.202602081740/tools/bin/../lib/gcc/arm-none-eabi/14.3.1/thumb/v7-m/nofp\libgcc.a
LOAD C:/ST/STM32CubeIDE_1.19.0/STM32CubeIDE/plugins/com.st.stm32cube.ide.mcu.externaltools.gnu-tools-for-stm32.14.3.rel1.win32_1.0.100.202602081740/tools/bin/../lib/gcc/arm-none-eabi/14.3.1/../../../../arm-none-eabi/lib/thumb/v7-m/nofp\libc_nano.a
END GROUP
START GROUP
LOAD C:/ST/STM32CubeIDE_1.19.0/STM32CubeIDE/plugins/com.st.stm32cube.ide.mcu.externaltools.gnu-tools-for-stm32.14.3.rel1.win32_1.0.100.202602081740/tools/bin/../lib/gcc/arm-none-eabi/14.3.1/thumb/v7-m/nofp\libgcc.a
LOAD C:/ST/STM32CubeIDE_1.19.0/STM32CubeIDE/plugins/com.st.stm32cube.ide.mcu.externaltools.gnu-tools-for-stm32.14.3.rel1.win32_1.0.100.202602081740/tools/bin/../lib/gcc/arm-none-eabi/14.3.1/../../../../arm-none-eabi/lib/thumb/v7-m/nofp\libc_nano.a
LOAD C:/ST/STM32CubeIDE_1.19.0/STM32CubeIDE/plugins/com.st.stm32cube.ide.mcu.externaltools.gnu-tools-for-stm32.14.3.rel1.win32_1.0.100.202602081740/tools/bin/../lib/gcc/arm-none-eabi/14.3.1/../../../../arm-none-eabi/lib/thumb/v7-m/nofp\libnosys.a
END GROUP
START GROUP
LOAD C:/ST/STM32CubeIDE_1.19.0/STM32CubeIDE/plugins/com.st.stm32cube.ide.mcu.externaltools.gnu-tools-for-stm32.14.3.rel1.win32_1.0.100.202602081740/tools/bin/../lib/gcc/arm-none-eabi/14.3.1/thumb/v7-m/nofp\libgcc.a
LOAD C:/ST/STM32CubeIDE_1.19.0/STM32CubeIDE/plugins/com.st.stm32cube.ide.mcu.externaltools.gnu-tools-for-stm32.14.3.rel1.win32_1.0.100.202602081740/tools/bin/../lib/gcc/arm-none-eabi/14.3.1/../../../../arm-none-eabi/lib/thumb/v7-m/nofp\libc_nano.a
LOAD C:/ST/STM32CubeIDE_1.19.0/STM32CubeIDE/plugins/com.st.stm32cube.ide.mcu.externaltools.gnu-tools-for-stm32.14.3.rel1.win32_1.0.100.202602081740/tools/bin/../lib/gcc/arm-none-eabi/14.3.1/../../../../arm-none-eabi/lib/thumb/v7-m/nofp\libnosys.a
END GROUP
LOAD C:/ST/STM32CubeIDE_1.19.0/STM32CubeIDE/plugins/com.st.stm32cube.ide.mcu.externaltools.gnu-tools-for-stm32.14.3.rel1.win32_1.0.100.202602081740/tools/bin/../lib/gcc/arm-none-eabi/14.3.1/thumb/v7-m/nofp/crtend.o
LOAD C:/ST/STM32CubeIDE_1.19.0/STM32CubeIDE/plugins/com.st.stm32cube.ide.mcu.externaltools.gnu-tools-for-stm32.14.3.rel1.win32_1.0.100.202602081740/tools/bin/../lib/gcc/arm-none-eabi/14.3.1/thumb/v7-m/nofp/crtn.o
                0x20005000                        _estack = (ORIGIN (RAM) + LENGTH (RAM))
                0x00000200                        _Min_Heap_Size = 0x200
                0x00000400                        _Min_Stack_Size = 0x400

.isr_vector     0x08000000      0x10c
                0x08000000                        . = ALIGN (0x4)
 *(.isr_vector)
 .isr_vector    0x08000000      0x10c ./Core/Startup/startup_stm32f103cbtx.o
                0x08000000                g_pfnVectors
                0x0800010c                        . = ALIGN (0x4)

.text           0x0800010c     0x5bd0
                0x0800010c                        . = ALIGN (0x4)
 *(.text)
 .text          0x0800010c       0x40 C:/ST/STM32CubeIDE_1.19.0/STM32CubeIDE/plugins/com.st.stm32cube.ide.mcu.externaltools.gnu-tools-for-stm32.14.3.rel1.win32_1.0.100.202602081740/tools/bin/../lib/gcc/arm-none-eabi/14.3.1/thumb/v7-m/nofp/crtbegin.o
 .text          0x0800014c      0x21c C:/ST/STM32CubeIDE_1.19.0/STM32CubeIDE/plugins/com.st.stm32cube.ide.mcu.externaltools.gnu-tools-for-stm32.14.3.rel1.win32_1.0.100.202602081740/tools/bin/../lib/gcc/arm-none-eabi/14.3.1/thumb/v7-m/nofp\libgcc.a(_arm_addsubsf3.o)
                0x0800014c                __aeabi_frsub
                0x08000154                __subsf3
                0x08000154                __aeabi_fsub
                0x08000158                __aeabi_fadd
                0x08000158                __addsf3
                0x080002b8                __aeabi_ui2f
                0x080002b8                __floatunsisf
                0x080002c0                __aeabi_i2f
                0x080002c0                __floatsisf
                0x080002dc                __aeabi_ul2f
                0x080002dc                __floatundisf
                0x080002ec                __aeabi_l2f
                0x080002ec                __floatdisf
 .text          0x08000368      0x2a0 C:/ST/STM32CubeIDE_1.19.0/STM32CubeIDE/plugins/com.st.stm32cube.ide.mcu.externaltools.gnu-tools-for-stm32.14.3.rel1.win32_1.0.100.202602081740/tools/bin/../lib/gcc/arm-none-eabi/14.3.1/thumb/v7-m/nofp\libgcc.a(_arm_muldivsf3.o)
                0x08000368                __mulsf3
                0x08000368                __aeabi_fmul
                0x080004d0                __aeabi_fdiv
                0x080004d0                __divsf3
 .text          0x08000608       0xec C:/ST/STM32CubeIDE_1.19.0/STM32CubeIDE/plugins/com.st.stm32cube.ide.mcu.externaltools.gnu-tools-for-stm32.14.3.rel1.win32_1.0.100.202602081740/tools/bin/../lib/gcc/arm-none-eabi/14.3.1/thumb/v7-m/nofp\libgcc.a(_arm_cmpsf2.o)
                0x08000608                __gesf2
                0x08000608                __gtsf2
                0x08000610                __lesf2
                0x08000610                __ltsf2
                0x08000618                __nesf2
                0x08000618                __eqsf2
                0x08000618                __cmpsf2
                0x08000678                __aeabi_cfrcmple
                0x08000680                __aeabi_cfcmpeq
                0x08000680                __aeabi_cfcmple
                0x08000690                __aeabi_fcmpeq
                0x080006a4                __aeabi_fcmplt
                0x080006b8                __aeabi_fcmple
                0x080006cc                __aeabi_fcmpge
                0x080006e0                __aeabi_fcmpgt
 .text          0x080006f4       0x2c C:/ST/STM32CubeIDE_1.19.0/STM32CubeIDE/plugins/com.st.stm32cube.ide.mcu.externaltools.gnu-tools-for-stm32.14.3.rel1.win32_1.0.100.202602081740/tools/bin/../lib/gcc/arm-none-eabi/14.3.1/thumb/v7-m/nofp\libgcc.a(_arm_unordsf2.o)
                0x080006f4                __unordsf2
                0x080006f4                __aeabi_fcmpun
 .text          0x08000720       0x4c C:/ST/STM32CubeIDE_1.19.0/STM32CubeIDE/plugins/com.st.stm32cube.ide.mcu.externaltools.gnu-tools-for-stm32.14.3.rel1.win32_1.0.100.202602081740/tools/bin/../lib/gcc/arm-none-eabi/14.3.1/thumb/v7-m/nofp\libgcc.a(_arm_fixsfsi.o)
                0x08000720                __aeabi_f2iz
                0x08000720                __fixsfsi
 *(.text*)
 .text.DacOutputVoltage
                0x0800076c       0x38 ./Core/Src/Driver_tb67h450.o
 .text.SetInputA
                0x080007a4       0x50 ./Core/Src/Driver_tb67h450.o
 .text.SetInputB
                0x080007f4       0x50 ./Core/Src/Driver_tb67h450.o
 .text.SetFocCurrentVector
                0x08000844      0x194 ./Core/Src/Driver_tb67h450.o
                0x08000844                SetFocCurrentVector
 .text.GetAngle
                0x080009d8       0x5c ./Core/Src/Encoder_mt6701.o
                0x080009d8                GetAngle
 .text.MX_CAN_Init
                0x08000a34       0x6c ./Core/Src/can.o
                0x08000a34                MX_CAN_Init
 .text.HAL_CAN_MspInit
                0x08000aa0       0xb8 ./Core/Src/can.o
                0x08000aa0                HAL_CAN_MspInit
 .text.CAN_Send
                0x08000b58       0x3c ./Core/Src/can.o
                0x08000b58                CAN_Send
 .text.HAL_CAN_RxFifo0MsgPendingCallback
                0x08000b94       0x5c ./Core/Src/can.o
                0x08000b94                HAL_CAN_RxFifo0MsgPendingCallback
 .text.OnCanCmd
                0x08000bf0      0x140 ./Core/Src/can.o
                0x08000bf0                OnCanCmd
 .text.CycleMod
                0x08000d30       0x28 ./Core/Src/encoder_calib.o
 .text.CycleSubtract
                0x08000d58       0x46 ./Core/Src/encoder_calib.o
 .text.CycleAverage
                0x08000d9e       0x5c ./Core/Src/encoder_calib.o
 .text.CycleDataAverage
                0x08000dfa       0xbe ./Core/Src/encoder_calib.o
 .text.CalibrationDataCheck
                0x08000eb8      0x248 ./Core/Src/encoder_calib.o
 .text.BuildCalibTable
                0x08001100      0x1a0 ./Core/Src/encoder_calib.o
 .text.Calib_IsRunning
                0x080012a0       0x34 ./Core/Src/encoder_calib.o
                0x080012a0                Calib_IsRunning
 .text.Calib_Start
                0x080012d4       0x60 ./Core/Src/encoder_calib.o
                0x080012d4                Calib_Start
 .text.Calib_Tick20kHz
                0x08001334      0x220 ./Core/Src/encoder_calib.o
                0x08001334                Calib_Tick20kHz
 .text.Calib_TickMainLoop
                0x08001554       0x34 ./Core/Src/encoder_calib.o
                0x08001554                Calib_TickMainLoop
 .text.MX_GPIO_Init
                0x08001588       0xf8 ./Core/Src/gpio.o
                0x08001588                MX_GPIO_Init
 .text.GetPosition
                0x08001680       0x20 ./Core/Src/main.o
                0x08001680                GetPosition
 .text.CalcVelocityIntegral
                0x080016a0       0x64 ./Core/Src/main.o
 .text.CalcSoftGoal
                0x08001704       0xdc ./Core/Src/main.o
 .text.CompensateAdvancedAngle
                0x080017e0      0x128 ./Core/Src/main.o
 .text.CalcCurrentToOutput
                0x08001908       0x68 ./Core/Src/main.o
 .text.CurrentTracker_CalcCurrentIntegral
                0x08001970       0x64 ./Core/Src/main.o
 .text.CurrentTracker_SetCurrentAcc
                0x080019d4       0x1c ./Core/Src/main.o
 .text.CurrentTracker_NewTask
                0x080019f0       0x28 ./Core/Src/main.o
 .text.CurrentTracker_CalcSoftGoal
                0x08001a18       0xdc ./Core/Src/main.o
 .text.SetVelocitySetPoint
                0x08001af4       0x4c ./Core/Src/main.o
                0x08001af4                SetVelocitySetPoint
 .text.SetPositionSetPoint
                0x08001b40       0x28 ./Core/Src/main.o
                0x08001b40                SetPositionSetPoint
 .text.SetPositionSetPointWithTime
                0x08001b68      0x138 ./Core/Src/main.o
                0x08001b68                SetPositionSetPointWithTime
 .text.CalcPidToOutput
                0x08001ca0      0x128 ./Core/Src/main.o
 .text.CalcDceToOutput
                0x08001dc8      0x160 ./Core/Src/main.o
 .text.PosTracker_CalcPositionIntegral
                0x08001f28       0x64 ./Core/Src/main.o
 .text.PosTracker_CalcVelocityIntegral
                0x08001f8c       0x64 ./Core/Src/main.o
 .text.PosTracker_SetVelocityAcc
                0x08001ff0       0x48 ./Core/Src/main.o
 .text.PosTracker_NewTask
                0x08002038       0x3c ./Core/Src/main.o
 .text.PosTracker_CalcSoftGoal
                0x08002074      0x388 ./Core/Src/main.o
 .text.HAL_TIM_PeriodElapsedCallback
                0x080023fc      0x398 ./Core/Src/main.o
                0x080023fc                HAL_TIM_PeriodElapsedCallback
 .text.main     0x08002794      0x110 ./Core/Src/main.o
                0x08002794                main
 .text.SystemClock_Config
                0x080028a4       0x8a ./Core/Src/main.o
                0x080028a4                SystemClock_Config
 .text.Error_Handler
                0x0800292e        0xc ./Core/Src/main.o
                0x0800292e                Error_Handler
 *fill*         0x0800293a        0x2 
 .text.MX_SPI1_Init
                0x0800293c       0x70 ./Core/Src/spi.o
                0x0800293c                MX_SPI1_Init
 .text.HAL_SPI_MspInit
                0x080029ac       0x94 ./Core/Src/spi.o
                0x080029ac                HAL_SPI_MspInit
 .text.HAL_MspInit
                0x08002a40       0x64 ./Core/Src/stm32f1xx_hal_msp.o
                0x08002a40                HAL_MspInit
 .text.NMI_Handler
                0x08002aa4        0x8 ./Core/Src/stm32f1xx_it.o
                0x08002aa4                NMI_Handler
 .text.HardFault_Handler
                0x08002aac        0x8 ./Core/Src/stm32f1xx_it.o
                0x08002aac                HardFault_Handler
 .text.MemManage_Handler
                0x08002ab4        0x8 ./Core/Src/stm32f1xx_it.o
                0x08002ab4                MemManage_Handler
 .text.BusFault_Handler
                0x08002abc        0x8 ./Core/Src/stm32f1xx_it.o
                0x08002abc                BusFault_Handler
 .text.UsageFault_Handler
                0x08002ac4        0x8 ./Core/Src/stm32f1xx_it.o
                0x08002ac4                UsageFault_Handler
 .text.SVC_Handler
                0x08002acc        0xc ./Core/Src/stm32f1xx_it.o
                0x08002acc                SVC_Handler
 .text.DebugMon_Handler
                0x08002ad8        0xc ./Core/Src/stm32f1xx_it.o
                0x08002ad8                DebugMon_Handler
 .text.PendSV_Handler
                0x08002ae4        0xc ./Core/Src/stm32f1xx_it.o
                0x08002ae4                PendSV_Handler
 .text.SysTick_Handler
                0x08002af0        0xc ./Core/Src/stm32f1xx_it.o
                0x08002af0                SysTick_Handler
 .text.USB_LP_CAN1_RX0_IRQHandler
                0x08002afc       0x14 ./Core/Src/stm32f1xx_it.o
                0x08002afc                USB_LP_CAN1_RX0_IRQHandler
 .text.CAN1_SCE_IRQHandler
                0x08002b10       0x14 ./Core/Src/stm32f1xx_it.o
                0x08002b10                CAN1_SCE_IRQHandler
 .text.TIM2_IRQHandler
                0x08002b24       0x14 ./Core/Src/stm32f1xx_it.o
                0x08002b24                TIM2_IRQHandler
 .text.TIM3_IRQHandler
                0x08002b38       0x14 ./Core/Src/stm32f1xx_it.o
                0x08002b38                TIM3_IRQHandler
 .text.SystemInit
                0x08002b4c        0xc ./Core/Src/system_stm32f1xx.o
                0x08002b4c                SystemInit
 .text.MX_TIM2_Init
                0x08002b58      0x100 ./Core/Src/tim.o
                0x08002b58                MX_TIM2_Init
 .text.MX_TIM3_Init
                0x08002c58       0x9c ./Core/Src/tim.o
                0x08002c58                MX_TIM3_Init
 .text.HAL_TIM_Base_MspInit
                0x08002cf4       0x80 ./Core/Src/tim.o
                0x08002cf4                HAL_TIM_Base_MspInit
 .text.HAL_TIM_MspPostInit
                0x08002d74       0x60 ./Core/Src/tim.o
                0x08002d74                HAL_TIM_MspPostInit
 .text.Reset_Handler
                0x08002dd4       0x48 ./Core/Startup/startup_stm32f103cbtx.o
                0x08002dd4                Reset_Handler
 .text.Default_Handler
                0x08002e1c        0x2 ./Core/Startup/startup_stm32f103cbtx.o
                0x08002e1c                RTC_Alarm_IRQHandler
                0x08002e1c                EXTI2_IRQHandler
                0x08002e1c                TIM1_CC_IRQHandler
                0x08002e1c                PVD_IRQHandler
                0x08002e1c                EXTI3_IRQHandler
                0x08002e1c                EXTI0_IRQHandler
                0x08002e1c                I2C2_EV_IRQHandler
                0x08002e1c                ADC1_2_IRQHandler
                0x08002e1c                SPI1_IRQHandler
                0x08002e1c                TAMPER_IRQHandler
                0x08002e1c                DMA1_Channel4_IRQHandler
                0x08002e1c                USART3_IRQHandler
                0x08002e1c                RTC_IRQHandler
                0x08002e1c                DMA1_Channel7_IRQHandler
                0x08002e1c                CAN1_RX1_IRQHandler
                0x08002e1c                TIM4_IRQHandler
                0x08002e1c                I2C1_EV_IRQHandler
                0x08002e1c                DMA1_Channel6_IRQHandler
                0x08002e1c                RCC_IRQHandler
                0x08002e1c                TIM1_TRG_COM_IRQHandler
                0x08002e1c                DMA1_Channel1_IRQHandler
                0x08002e1c                Default_Handler
                0x08002e1c                EXTI15_10_IRQHandler
                0x08002e1c                EXTI9_5_IRQHandler
                0x08002e1c                SPI2_IRQHandler
                0x08002e1c                DMA1_Channel5_IRQHandler
                0x08002e1c                EXTI4_IRQHandler
                0x08002e1c                USB_HP_CAN1_TX_IRQHandler
                0x08002e1c                DMA1_Channel3_IRQHandler
                0x08002e1c                TIM1_UP_IRQHandler
                0x08002e1c                WWDG_IRQHandler
                0x08002e1c                TIM1_BRK_IRQHandler
                0x08002e1c                EXTI1_IRQHandler
                0x08002e1c                USART2_IRQHandler
                0x08002e1c                I2C2_ER_IRQHandler
                0x08002e1c                DMA1_Channel2_IRQHandler
                0x08002e1c                FLASH_IRQHandler
                0x08002e1c                USART1_IRQHandler
                0x08002e1c                I2C1_ER_IRQHandler
                0x08002e1c                USBWakeUp_IRQHandler
 *fill*         0x08002e1e        0x2 
 .text.HAL_Init
                0x08002e20       0x2c ./Drivers/STM32F1xx_HAL_Driver/Src/stm32f1xx_hal.o
                0x08002e20                HAL_Init
 .text.HAL_InitTick
                0x08002e4c       0x60 ./Drivers/STM32F1xx_HAL_Driver/Src/stm32f1xx_hal.o
                0x08002e4c                HAL_InitTick
 .text.HAL_IncTick
                0x08002eac       0x24 ./Drivers/STM32F1xx_HAL_Driver/Src/stm32f1xx_hal.o
                0x08002eac                HAL_IncTick
 .text.HAL_GetTick
                0x08002ed0       0x14 ./Drivers/STM32F1xx_HAL_Driver/Src/stm32f1xx_hal.o
                0x08002ed0                HAL_GetTick
 .text.HAL_Delay
                0x08002ee4       0x48 ./Drivers/STM32F1xx_HAL_Driver/Src/stm32f1xx_hal.o
                0x08002ee4                HAL_Delay
 .text.HAL_CAN_Init
                0x08002f2c      0x1f6 ./Drivers/STM32F1xx_HAL_Driver/Src/stm32f1xx_hal_can.o
                0x08002f2c                HAL_CAN_Init
 .text.HAL_CAN_AddTxMessage
                0x08003122      0x19e ./Drivers/STM32F1xx_HAL_Driver/Src/stm32f1xx_hal_can.o
                0x08003122                HAL_CAN_AddTxMessage
 .text.HAL_CAN_GetTxMailboxesFreeLevel
                0x080032c0       0x68 ./Drivers/STM32F1xx_HAL_Driver/Src/stm32f1xx_hal_can.o
                0x080032c0                HAL_CAN_GetTxMailboxesFreeLevel
 .text.HAL_CAN_GetRxMessage
                0x08003328      0x242 ./Drivers/STM32F1xx_HAL_Driver/Src/stm32f1xx_hal_can.o
                0x08003328                HAL_CAN_GetRxMessage
 .text.HAL_CAN_IRQHandler
                0x0800356a      0x36e ./Drivers/STM32F1xx_HAL_Driver/Src/stm32f1xx_hal_can.o
                0x0800356a                HAL_CAN_IRQHandler
 .text.HAL_CAN_TxMailbox0CompleteCallback
                0x080038d8       0x12 ./Drivers/STM32F1xx_HAL_Driver/Src/stm32f1xx_hal_can.o
                0x080038d8                HAL_CAN_TxMailbox0CompleteCallback
 .text.HAL_CAN_TxMailbox1CompleteCallback
                0x080038ea       0x12 ./Drivers/STM32F1xx_HAL_Driver/Src/stm32f1xx_hal_can.o
                0x080038ea                HAL_CAN_TxMailbox1CompleteCallback
 .text.HAL_CAN_TxMailbox2CompleteCallback
                0x080038fc       0x12 ./Drivers/STM32F1xx_HAL_Driver/Src/stm32f1xx_hal_can.o
                0x080038fc                HAL_CAN_TxMailbox2CompleteCallback
 .text.HAL_CAN_TxMailbox0AbortCallback
                0x0800390e       0x12 ./Drivers/STM32F1xx_HAL_Driver/Src/stm32f1xx_hal_can.o
                0x0800390e                HAL_CAN_TxMailbox0AbortCallback
 .text.HAL_CAN_TxMailbox1AbortCallback
                0x08003920       0x12 ./Drivers/STM32F1xx_HAL_Driver/Src/stm32f1xx_hal_can.o
                0x08003920                HAL_CAN_TxMailbox1AbortCallback
 .text.HAL_CAN_TxMailbox2AbortCallback
                0x08003932       0x12 ./Drivers/STM32F1xx_HAL_Driver/Src/stm32f1xx_hal_can.o
                0x08003932                HAL_CAN_TxMailbox2AbortCallback
 .text.HAL_CAN_RxFifo0FullCallback
                0x08003944       0x12 ./Drivers/STM32F1xx_HAL_Driver/Src/stm32f1xx_hal_can.o
                0x08003944                HAL_CAN_RxFifo0FullCallback
 .text.HAL_CAN_RxFifo1MsgPendingCallback
                0x08003956       0x12 ./Drivers/STM32F1xx_HAL_Driver/Src/stm32f1xx_hal_can.o
                0x08003956                HAL_CAN_RxFifo1MsgPendingCallback
 .text.HAL_CAN_RxFifo1FullCallback
                0x08003968       0x12 ./Drivers/STM32F1xx_HAL_Driver/Src/stm32f1xx_hal_can.o
                0x08003968                HAL_CAN_RxFifo1FullCallback
 .text.HAL_CAN_SleepCallback
                0x0800397a       0x12 ./Drivers/STM32F1xx_HAL_Driver/Src/stm32f1xx_hal_can.o
                0x0800397a                HAL_CAN_SleepCallback
 .text.HAL_CAN_WakeUpFromRxMsgCallback
                0x0800398c       0x12 ./Drivers/STM32F1xx_HAL_Driver/Src/stm32f1xx_hal_can.o
                0x0800398c                HAL_CAN_WakeUpFromRxMsgCallback
 .text.HAL_CAN_ErrorCallback
                0x0800399e       0x12 ./Drivers/STM32F1xx_HAL_Driver/Src/stm32f1xx_hal_can.o
                0x0800399e                HAL_CAN_ErrorCallback
 .text.__NVIC_SetPriorityGrouping
                0x080039b0       0x48 ./Drivers/STM32F1xx_HAL_Driver/Src/stm32f1xx_hal_cortex.o
 .text.__NVIC_GetPriorityGrouping
                0x080039f8       0x1c ./Drivers/STM32F1xx_HAL_Driver/Src/stm32f1xx_hal_cortex.o
 .text.__NVIC_EnableIRQ
                0x08003a14       0x38 ./Drivers/STM32F1xx_HAL_Driver/Src/stm32f1xx_hal_cortex.o
 .text.__NVIC_SetPriority
                0x08003a4c       0x54 ./Drivers/STM32F1xx_HAL_Driver/Src/stm32f1xx_hal_cortex.o
 .text.NVIC_EncodePriority
                0x08003aa0       0x64 ./Drivers/STM32F1xx_HAL_Driver/Src/stm32f1xx_hal_cortex.o
 .text.SysTick_Config
                0x08003b04       0x44 ./Drivers/STM32F1xx_HAL_Driver/Src/stm32f1xx_hal_cortex.o
 .text.HAL_NVIC_SetPriorityGrouping
                0x08003b48       0x16 ./Drivers/STM32F1xx_HAL_Driver/Src/stm32f1xx_hal_cortex.o
                0x08003b48                HAL_NVIC_SetPriorityGrouping
 .text.HAL_NVIC_SetPriority
                0x08003b5e       0x38 ./Drivers/STM32F1xx_HAL_Driver/Src/stm32f1xx_hal_cortex.o
                0x08003b5e                HAL_NVIC_SetPriority
 .text.HAL_NVIC_EnableIRQ
                0x08003b96       0x1c ./Drivers/STM32F1xx_HAL_Driver/Src/stm32f1xx_hal_cortex.o
                0x08003b96                HAL_NVIC_EnableIRQ
 .text.HAL_SYSTICK_Config
                0x08003bb2       0x18 ./Drivers/STM32F1xx_HAL_Driver/Src/stm32f1xx_hal_cortex.o
                0x08003bb2                HAL_SYSTICK_Config
 *fill*         0x08003bca        0x2 
 .text.HAL_GPIO_Init
                0x08003bcc      0x308 ./Drivers/STM32F1xx_HAL_Driver/Src/stm32f1xx_hal_gpio.o
                0x08003bcc                HAL_GPIO_Init
 .text.HAL_GPIO_WritePin
                0x08003ed4       0x30 ./Drivers/STM32F1xx_HAL_Driver/Src/stm32f1xx_hal_gpio.o
                0x08003ed4                HAL_GPIO_WritePin
 .text.HAL_RCC_OscConfig
                0x08003f04      0x504 ./Drivers/STM32F1xx_HAL_Driver/Src/stm32f1xx_hal_rcc.o
                0x08003f04                HAL_RCC_OscConfig
 .text.HAL_RCC_ClockConfig
                0x08004408      0x1d4 ./Drivers/STM32F1xx_HAL_Driver/Src/stm32f1xx_hal_rcc.o
                0x08004408                HAL_RCC_ClockConfig
 .text.HAL_RCC_GetSysClockFreq
                0x080045dc       0xa8 ./Drivers/STM32F1xx_HAL_Driver/Src/stm32f1xx_hal_rcc.o
                0x080045dc                HAL_RCC_GetSysClockFreq
 .text.RCC_Delay
                0x08004684       0x3c ./Drivers/STM32F1xx_HAL_Driver/Src/stm32f1xx_hal_rcc.o
 .text.HAL_SPI_Init
                0x080046c0      0x108 ./Drivers/STM32F1xx_HAL_Driver/Src/stm32f1xx_hal_spi.o
                0x080046c0                HAL_SPI_Init
 .text.HAL_SPI_TransmitReceive
                0x080047c8      0x352 ./Drivers/STM32F1xx_HAL_Driver/Src/stm32f1xx_hal_spi.o
                0x080047c8                HAL_SPI_TransmitReceive
 *fill*         0x08004b1a        0x2 
 .text.SPI_WaitFlagStateUntilTimeout
                0x08004b1c      0x110 ./Drivers/STM32F1xx_HAL_Driver/Src/stm32f1xx_hal_spi.o
 .text.SPI_EndRxTxTransaction
                0x08004c2c       0x62 ./Drivers/STM32F1xx_HAL_Driver/Src/stm32f1xx_hal_spi.o
 .text.HAL_TIM_Base_Init
                0x08004c8e       0x9e ./Drivers/STM32F1xx_HAL_Driver/Src/stm32f1xx_hal_tim.o
                0x08004c8e                HAL_TIM_Base_Init
 .text.HAL_TIM_Base_Start_IT
                0x08004d2c       0xa4 ./Drivers/STM32F1xx_HAL_Driver/Src/stm32f1xx_hal_tim.o
                0x08004d2c                HAL_TIM_Base_Start_IT
 .text.HAL_TIM_PWM_Init
                0x08004dd0       0x9e ./Drivers/STM32F1xx_HAL_Driver/Src/stm32f1xx_hal_tim.o
                0x08004dd0                HAL_TIM_PWM_Init
 .text.HAL_TIM_PWM_MspInit
                0x08004e6e       0x12 ./Drivers/STM32F1xx_HAL_Driver/Src/stm32f1xx_hal_tim.o
                0x08004e6e                HAL_TIM_PWM_MspInit
 .text.HAL_TIM_PWM_Start
                0x08004e80      0x144 ./Drivers/STM32F1xx_HAL_Driver/Src/stm32f1xx_hal_tim.o
                0x08004e80                HAL_TIM_PWM_Start
 .text.HAL_TIM_IRQHandler
                0x08004fc4      0x1e0 ./Drivers/STM32F1xx_HAL_Driver/Src/stm32f1xx_hal_tim.o
                0x08004fc4                HAL_TIM_IRQHandler
 .text.HAL_TIM_PWM_ConfigChannel
                0x080051a4      0x184 ./Drivers/STM32F1xx_HAL_Driver/Src/stm32f1xx_hal_tim.o
                0x080051a4                HAL_TIM_PWM_ConfigChannel
 .text.HAL_TIM_ConfigClockSource
                0x08005328      0x18e ./Drivers/STM32F1xx_HAL_Driver/Src/stm32f1xx_hal_tim.o
                0x08005328                HAL_TIM_ConfigClockSource
 .text.HAL_TIM_OC_DelayElapsedCallback
                0x080054b6       0x12 ./Drivers/STM32F1xx_HAL_Driver/Src/stm32f1xx_hal_tim.o
                0x080054b6                HAL_TIM_OC_DelayElapsedCallback
 .text.HAL_TIM_IC_CaptureCallback
                0x080054c8       0x12 ./Drivers/STM32F1xx_HAL_Driver/Src/stm32f1xx_hal_tim.o
                0x080054c8                HAL_TIM_IC_CaptureCallback
 .text.HAL_TIM_PWM_PulseFinishedCallback
                0x080054da       0x12 ./Drivers/STM32F1xx_HAL_Driver/Src/stm32f1xx_hal_tim.o
                0x080054da                HAL_TIM_PWM_PulseFinishedCallback
 .text.HAL_TIM_TriggerCallback
                0x080054ec       0x12 ./Drivers/STM32F1xx_HAL_Driver/Src/stm32f1xx_hal_tim.o
                0x080054ec                HAL_TIM_TriggerCallback
 *fill*         0x080054fe        0x2 
 .text.TIM_Base_SetConfig
                0x08005500       0xdc ./Drivers/STM32F1xx_HAL_Driver/Src/stm32f1xx_hal_tim.o
                0x08005500                TIM_Base_SetConfig
 .text.TIM_OC1_SetConfig
                0x080055dc       0xcc ./Drivers/STM32F1xx_HAL_Driver/Src/stm32f1xx_hal_tim.o
 .text.TIM_OC2_SetConfig
                0x080056a8       0xd4 ./Drivers/STM32F1xx_HAL_Driver/Src/stm32f1xx_hal_tim.o
                0x080056a8                TIM_OC2_SetConfig
 .text.TIM_OC3_SetConfig
                0x0800577c       0xd4 ./Drivers/STM32F1xx_HAL_Driver/Src/stm32f1xx_hal_tim.o
 .text.TIM_OC4_SetConfig
                0x08005850       0x9c ./Drivers/STM32F1xx_HAL_Driver/Src/stm32f1xx_hal_tim.o
 .text.TIM_TI1_ConfigInputStage
                0x080058ec       0x5c ./Drivers/STM32F1xx_HAL_Driver/Src/stm32f1xx_hal_tim.o
 .text.TIM_TI2_ConfigInputStage
                0x08005948       0x5e ./Drivers/STM32F1xx_HAL_Driver/Src/stm32f1xx_hal_tim.o
 .text.TIM_ITRx_SetConfig
                0x080059a6       0x34 ./Drivers/STM32F1xx_HAL_Driver/Src/stm32f1xx_hal_tim.o
 .text.TIM_ETR_SetConfig
                0x080059da       0x3e ./Drivers/STM32F1xx_HAL_Driver/Src/stm32f1xx_hal_tim.o
                0x080059da                TIM_ETR_SetConfig
 .text.TIM_CCxChannelCmd
                0x08005a18       0x48 ./Drivers/STM32F1xx_HAL_Driver/Src/stm32f1xx_hal_tim.o
                0x08005a18                TIM_CCxChannelCmd
 .text.HAL_TIMEx_MasterConfigSynchronization
                0x08005a60       0xbc ./Drivers/STM32F1xx_HAL_Driver/Src/stm32f1xx_hal_tim_ex.o
                0x08005a60                HAL_TIMEx_MasterConfigSynchronization
 .text.HAL_TIMEx_CommutCallback
                0x08005b1c       0x12 ./Drivers/STM32F1xx_HAL_Driver/Src/stm32f1xx_hal_tim_ex.o
                0x08005b1c                HAL_TIMEx_CommutCallback
 .text.HAL_TIMEx_BreakCallback
                0x08005b2e       0x12 ./Drivers/STM32F1xx_HAL_Driver/Src/stm32f1xx_hal_tim_ex.o
                0x08005b2e                HAL_TIMEx_BreakCallback
 .text.memset   0x08005b40       0x10 C:/ST/STM32CubeIDE_1.19.0/STM32CubeIDE/plugins/com.st.stm32cube.ide.mcu.externaltools.gnu-tools-for-stm32.14.3.rel1.win32_1.0.100.202602081740/tools/bin/../lib/gcc/arm-none-eabi/14.3.1/../../../../arm-none-eabi/lib/thumb/v7-m/nofp\libc_nano.a(libc_a-memset.o)
                0x08005b40                memset
 .text.__errno  0x08005b50        0xc C:/ST/STM32CubeIDE_1.19.0/STM32CubeIDE/plugins/com.st.stm32cube.ide.mcu.externaltools.gnu-tools-for-stm32.14.3.rel1.win32_1.0.100.202602081740/tools/bin/../lib/gcc/arm-none-eabi/14.3.1/../../../../arm-none-eabi/lib/thumb/v7-m/nofp\libc_nano.a(libc_a-errno.o)
                0x08005b50                __errno
 .text.__libc_init_array
                0x08005b5c       0x48 C:/ST/STM32CubeIDE_1.19.0/STM32CubeIDE/plugins/com.st.stm32cube.ide.mcu.externaltools.gnu-tools-for-stm32.14.3.rel1.win32_1.0.100.202602081740/tools/bin/../lib/gcc/arm-none-eabi/14.3.1/../../../../arm-none-eabi/lib/thumb/v7-m/nofp\libc_nano.a(libc_a-init.o)
                0x08005b5c                __libc_init_array
 .text.sqrtf    0x08005ba4       0x3c C:/ST/STM32CubeIDE_1.19.0/STM32CubeIDE/plugins/com.st.stm32cube.ide.mcu.externaltools.gnu-tools-for-stm32.14.3.rel1.win32_1.0.100.202602081740/tools/bin/../lib/gcc/arm-none-eabi/14.3.1/../../../../arm-none-eabi/lib/thumb/v7-m/nofp\libm.a(libm_a-wf_sqrt.o)
                0x08005ba4                sqrtf
 .text.__ieee754_sqrtf
                0x08005be0       0xe4 C:/ST/STM32CubeIDE_1.19.0/STM32CubeIDE/plugins/com.st.stm32cube.ide.mcu.externaltools.gnu-tools-for-stm32.14.3.rel1.win32_1.0.100.202602081740/tools/bin/../lib/gcc/arm-none-eabi/14.3.1/../../../../arm-none-eabi/lib/thumb/v7-m/nofp\libm.a(libm_a-ef_sqrt.o)
                0x08005be0                __ieee754_sqrtf
 *(.glue_7)
 .glue_7        0x08005cc4        0x0 linker stubs
 *(.glue_7t)
 .glue_7t       0x08005cc4        0x0 linker stubs
 *(.eh_frame)
 .eh_frame      0x08005cc4        0x0 C:/ST/STM32CubeIDE_1.19.0/STM32CubeIDE/plugins/com.st.stm32cube.ide.mcu.externaltools.gnu-tools-for-stm32.14.3.rel1.win32_1.0.100.202602081740/tools/bin/../lib/gcc/arm-none-eabi/14.3.1/thumb/v7-m/nofp/crtbegin.o
 *(.init)
 .init          0x08005cc4        0x4 C:/ST/STM32CubeIDE_1.19.0/STM32CubeIDE/plugins/com.st.stm32cube.ide.mcu.externaltools.gnu-tools-for-stm32.14.3.rel1.win32_1.0.100.202602081740/tools/bin/../lib/gcc/arm-none-eabi/14.3.1/thumb/v7-m/nofp/crti.o
                0x08005cc4                _init
 .init          0x08005cc8        0x8 C:/ST/STM32CubeIDE_1.19.0/STM32CubeIDE/plugins/com.st.stm32cube.ide.mcu.externaltools.gnu-tools-for-stm32.14.3.rel1.win32_1.0.100.202602081740/tools/bin/../lib/gcc/arm-none-eabi/14.3.1/thumb/v7-m/nofp/crtn.o
 *(.fini)
 .fini          0x08005cd0        0x4 C:/ST/STM32CubeIDE_1.19.0/STM32CubeIDE/plugins/com.st.stm32cube.ide.mcu.externaltools.gnu-tools-for-stm32.14.3.rel1.win32_1.0.100.202602081740/tools/bin/../lib/gcc/arm-none-eabi/14.3.1/thumb/v7-m/nofp/crti.o
                0x08005cd0                _fini
 .fini          0x08005cd4        0x8 C:/ST/STM32CubeIDE_1.19.0/STM32CubeIDE/plugins/com.st.stm32cube.ide.mcu.externaltools.gnu-tools-for-stm32.14.3.rel1.win32_1.0.100.202602081740/tools/bin/../lib/gcc/arm-none-eabi/14.3.1/thumb/v7-m/nofp/crtn.o
                0x08005cdc                        . = ALIGN (0x4)
                0x08005cdc                        _etext = .

.vfp11_veneer   0x08005cdc        0x0
 .vfp11_veneer  0x08005cdc        0x0 linker stubs

.v4_bx          0x08005cdc        0x0
 .v4_bx         0x08005cdc        0x0 linker stubs

.iplt           0x08005cdc        0x0
 .iplt          0x08005cdc        0x0 C:/ST/STM32CubeIDE_1.19.0/STM32CubeIDE/plugins/com.st.stm32cube.ide.mcu.externaltools.gnu-tools-for-stm32.14.3.rel1.win32_1.0.100.202602081740/tools/bin/../lib/gcc/arm-none-eabi/14.3.1/thumb/v7-m/nofp/crtbegin.o

.rodata         0x08005cdc      0x834
                0x08005cdc                        . = ALIGN (0x4)
 *(.rodata)
 *(.rodata*)
 .rodata.sin_pi_m2
                0x08005cdc      0x802 ./Core/Src/Driver_tb67h450.o
                0x08005cdc                sin_pi_m2
 *fill*         0x080064de        0x2 
 .rodata.TxData
                0x080064e0        0x4 ./Core/Src/Encoder_mt6701.o
 .rodata.AHBPrescTable
                0x080064e4       0x10 ./Core/Src/system_stm32f1xx.o
                0x080064e4                AHBPrescTable
 .rodata.aPLLMULFactorTable.1
                0x080064f4       0x10 ./Drivers/STM32F1xx_HAL_Driver/Src/stm32f1xx_hal_rcc.o
 .rodata.aPredivFactorTable.0
                0x08006504        0x2 ./Drivers/STM32F1xx_HAL_Driver/Src/stm32f1xx_hal_rcc.o
 *fill*         0x08006506        0x2 
 .rodata.tiny   0x08006508        0x4 C:/ST/STM32CubeIDE_1.19.0/STM32CubeIDE/plugins/com.st.stm32cube.ide.mcu.externaltools.gnu-tools-for-stm32.14.3.rel1.win32_1.0.100.202602081740/tools/bin/../lib/gcc/arm-none-eabi/14.3.1/../../../../arm-none-eabi/lib/thumb/v7-m/nofp\libm.a(libm_a-ef_sqrt.o)
 .rodata.one    0x0800650c        0x4 C:/ST/STM32CubeIDE_1.19.0/STM32CubeIDE/plugins/com.st.stm32cube.ide.mcu.externaltools.gnu-tools-for-stm32.14.3.rel1.win32_1.0.100.202602081740/tools/bin/../lib/gcc/arm-none-eabi/14.3.1/../../../../arm-none-eabi/lib/thumb/v7-m/nofp\libm.a(libm_a-ef_sqrt.o)
                0x08006510                        . = ALIGN (0x4)

.ARM.extab      0x08006510        0x0
                0x08006510                        . = ALIGN (0x4)
 *(.ARM.extab* .gnu.linkonce.armextab.*)
                0x08006510                        . = ALIGN (0x4)

.ARM            0x08006510        0x0
                0x08006510                        . = ALIGN (0x4)
                0x08006510                        __exidx_start = .
 *(.ARM.exidx*)
                0x08006510                        __exidx_end = .
                0x08006510                        . = ALIGN (0x4)

.preinit_array  0x08006510        0x0
                0x08006510                        . = ALIGN (0x4)
                0x08006510                        PROVIDE (__preinit_array_start = .)
 *(.preinit_array*)
                0x08006510                        PROVIDE (__preinit_array_end = .)
                0x08006510                        . = ALIGN (0x4)

.init_array     0x08006510        0x4
                0x08006510                        . = ALIGN (0x4)
                0x08006510                        PROVIDE (__init_array_start = .)
 *(SORT_BY_NAME(.init_array.*))
 *(.init_array*)
 .init_array    0x08006510        0x4 C:/ST/STM32CubeIDE_1.19.0/STM32CubeIDE/plugins/com.st.stm32cube.ide.mcu.externaltools.gnu-tools-for-stm32.14.3.rel1.win32_1.0.100.202602081740/tools/bin/../lib/gcc/arm-none-eabi/14.3.1/thumb/v7-m/nofp/crtbegin.o
                0x08006514                        PROVIDE (__init_array_end = .)
                0x08006514                        . = ALIGN (0x4)

.fini_array     0x08006514        0x4
                0x08006514                        . = ALIGN (0x4)
                [!provide]                        PROVIDE (__fini_array_start = .)
 *(SORT_BY_NAME(.fini_array.*))
 *(.fini_array*)
 .fini_array    0x08006514        0x4 C:/ST/STM32CubeIDE_1.19.0/STM32CubeIDE/plugins/com.st.stm32cube.ide.mcu.externaltools.gnu-tools-for-stm32.14.3.rel1.win32_1.0.100.202602081740/tools/bin/../lib/gcc/arm-none-eabi/14.3.1/thumb/v7-m/nofp/crtbegin.o
                [!provide]                        PROVIDE (__fini_array_end = .)
                0x08006518                        . = ALIGN (0x4)
                0x08006518                        _sidata = LOADADDR (.data)

.rel.dyn        0x08006518        0x0
 .rel.iplt      0x08006518        0x0 C:/ST/STM32CubeIDE_1.19.0/STM32CubeIDE/plugins/com.st.stm32cube.ide.mcu.externaltools.gnu-tools-for-stm32.14.3.rel1.win32_1.0.100.202602081740/tools/bin/../lib/gcc/arm-none-eabi/14.3.1/thumb/v7-m/nofp/crtbegin.o

.data           0x20000000       0x64 load address 0x08006518
                0x20000000                        . = ALIGN (0x4)
                0x20000000                        _sdata = .
 *(.data)
 *(.data*)
 .data.ratedCurrentAcc
                0x20000000        0x4 ./Core/Src/main.o
                0x20000000                ratedCurrentAcc
 .data.isFirstCalled.0
                0x20000004        0x1 ./Core/Src/main.o
 *fill*         0x20000005        0x3 
 .data.SystemCoreClock
                0x20000008        0x4 ./Core/Src/system_stm32f1xx.o
                0x20000008                SystemCoreClock
 .data.uwTickPrio
                0x2000000c        0x4 ./Drivers/STM32F1xx_HAL_Driver/Src/stm32f1xx_hal.o
                0x2000000c                uwTickPrio
 .data.uwTickFreq
                0x20000010        0x1 ./Drivers/STM32F1xx_HAL_Driver/Src/stm32f1xx_hal.o
                0x20000010                uwTickFreq
 *fill*         0x20000011        0x3 
 .data._impure_ptr
                0x20000014        0x4 C:/ST/STM32CubeIDE_1.19.0/STM32CubeIDE/plugins/com.st.stm32cube.ide.mcu.externaltools.gnu-tools-for-stm32.14.3.rel1.win32_1.0.100.202602081740/tools/bin/../lib/gcc/arm-none-eabi/14.3.1/../../../../arm-none-eabi/lib/thumb/v7-m/nofp\libc_nano.a(libc_a-impure.o)
                0x20000014                _impure_ptr
 .data._impure_data
                0x20000018       0x4c C:/ST/STM32CubeIDE_1.19.0/STM32CubeIDE/plugins/com.st.stm32cube.ide.mcu.externaltools.gnu-tools-for-stm32.14.3.rel1.win32_1.0.100.202602081740/tools/bin/../lib/gcc/arm-none-eabi/14.3.1/../../../../arm-none-eabi/lib/thumb/v7-m/nofp\libc_nano.a(libc_a-impure.o)
                0x20000018                _impure_data
 *(.RamFunc)
 *(.RamFunc*)
                0x20000064                        . = ALIGN (0x4)
                0x20000064                        _edata = .

.igot.plt       0x20000064        0x0 load address 0x0800657c
 .igot.plt      0x20000064        0x0 C:/ST/STM32CubeIDE_1.19.0/STM32CubeIDE/plugins/com.st.stm32cube.ide.mcu.externaltools.gnu-tools-for-stm32.14.3.rel1.win32_1.0.100.202602081740/tools/bin/../lib/gcc/arm-none-eabi/14.3.1/thumb/v7-m/nofp/crtbegin.o
                0x20000064                        . = ALIGN (0x4)

.bss            0x20000064      0x71c load address 0x0800657c
                0x20000064                        _sbss = .
                0x20000064                        __bss_start__ = _sbss
 *(.bss)
 .bss           0x20000064       0x1c C:/ST/STM32CubeIDE_1.19.0/STM32CubeIDE/plugins/com.st.stm32cube.ide.mcu.externaltools.gnu-tools-for-stm32.14.3.rel1.win32_1.0.100.202602081740/tools/bin/../lib/gcc/arm-none-eabi/14.3.1/thumb/v7-m/nofp/crtbegin.o
 *(.bss*)
 .bss.SinMapIndex_PhaseA
                0x20000080        0x2 ./Core/Src/Driver_tb67h450.o
 .bss.SinMapIndex_PhaseB
                0x20000082        0x2 ./Core/Src/Driver_tb67h450.o
 .bss.SinMapValues_PhaseA
                0x20000084        0x2 ./Core/Src/Driver_tb67h450.o
 .bss.SinMapValues_PhaseB
                0x20000086        0x2 ./Core/Src/Driver_tb67h450.o
 .bss.RxData    0x20000088        0x4 ./Core/Src/Encoder_mt6701.o
 .bss.TxHeader  0x2000008c       0x18 ./Core/Src/can.o
                0x2000008c                TxHeader
 .bss.RxHeader  0x200000a4       0x1c ./Core/Src/can.o
                0x200000a4                RxHeader
 .bss.TxData    0x200000c0        0x8 ./Core/Src/can.o
                0x200000c0                TxData
 .bss.RxData    0x200000c8        0x8 ./Core/Src/can.o
                0x200000c8                RxData
 .bss.TxMailbox
                0x200000d0        0x4 ./Core/Src/can.o
                0x200000d0                TxMailbox
 .bss.hcan      0x200000d4       0x28 ./Core/Src/can.o
                0x200000d4                hcan
 .bss.calibError
                0x200000fc        0x1 ./Core/Src/encoder_calib.o
                0x200000fc                calibError
 .bss.calibState
                0x200000fd        0x1 ./Core/Src/encoder_calib.o
                0x200000fd                calibState
 *fill*         0x200000fe        0x2 
 .bss.goPosition
                0x20000100        0x4 ./Core/Src/encoder_calib.o
 .bss.goDirection
                0x20000104        0x1 ./Core/Src/encoder_calib.o
 *fill*         0x20000105        0x1 
 .bss.sampleCount
                0x20000106        0x2 ./Core/Src/encoder_calib.o
 .bss.resultNum
                0x20000108        0x4 ./Core/Src/encoder_calib.o
 .bss.rcdX      0x2000010c        0x4 ./Core/Src/encoder_calib.o
 .bss.rcdY      0x20000110        0x4 ./Core/Src/encoder_calib.o
 .bss.sampleDataRaw
                0x20000114       0x20 ./Core/Src/encoder_calib.o
 .bss.sampleDataAverageForward
                0x20000134      0x192 ./Core/Src/encoder_calib.o
 *fill*         0x200002c6        0x2 
 .bss.sampleDataAverageBackward
                0x200002c8      0x192 ./Core/Src/encoder_calib.o
 .bss.angleData
                0x2000045a        0x2 ./Core/Src/main.o
                0x2000045a                angleData
 .bss.realLapPosition
                0x2000045c        0x4 ./Core/Src/main.o
                0x2000045c                realLapPosition
 .bss.realLapPositionLast
                0x20000460        0x4 ./Core/Src/main.o
                0x20000460                realLapPositionLast
 .bss.realPosition
                0x20000464        0x4 ./Core/Src/main.o
                0x20000464                realPosition
 .bss.realPositionLast
                0x20000468        0x4 ./Core/Src/main.o
                0x20000468                realPositionLast
 .bss.estVelocityIntegral
                0x2000046c        0x4 ./Core/Src/main.o
                0x2000046c                estVelocityIntegral
 .bss.estVelocity
                0x20000470        0x4 ./Core/Src/main.o
                0x20000470                estVelocity
 .bss.estLeadPosition
                0x20000474        0x4 ./Core/Src/main.o
                0x20000474                estLeadPosition
 .bss.estPosition
                0x20000478        0x4 ./Core/Src/main.o
                0x20000478                estPosition
 .bss.goalVelocity
                0x2000047c        0x4 ./Core/Src/main.o
                0x2000047c                goalVelocity
 .bss.softVelocity
                0x20000480        0x4 ./Core/Src/main.o
                0x20000480                softVelocity
 .bss.focCurrent
                0x20000484        0x4 ./Core/Src/main.o
                0x20000484                focCurrent
 .bss.focPosition
                0x20000488        0x4 ./Core/Src/main.o
                0x20000488                focPosition
 .bss.velocityIntegral
                0x2000048c        0x4 ./Core/Src/main.o
                0x2000048c                velocityIntegral
 .bss.trackVelocity
                0x20000490        0x4 ./Core/Src/main.o
                0x20000490                trackVelocity
 .bss.goVelocity
                0x20000494        0x4 ./Core/Src/main.o
                0x20000494                goVelocity
 .bss.velocityAcc
                0x20000498        0x4 ./Core/Src/main.o
                0x20000498                velocityAcc
 .bss.ratedVelocity
                0x2000049c        0x4 ./Core/Src/main.o
                0x2000049c                ratedVelocity
 .bss.angleDataConverted
                0x200004a0        0x2 ./Core/Src/main.o
                0x200004a0                angleDataConverted
 .bss.SinMapValues_PhaseA_debug1
                0x200004a2        0x2 ./Core/Src/main.o
                0x200004a2                SinMapValues_PhaseA_debug1
 .bss.SinMapValues_PhaseB_debug1
                0x200004a4        0x2 ./Core/Src/main.o
                0x200004a4                SinMapValues_PhaseB_debug1
 .bss.SinMapValues_PhaseA_debug2
                0x200004a6        0x2 ./Core/Src/main.o
                0x200004a6                SinMapValues_PhaseA_debug2
 .bss.SinMapValues_PhaseB_debug2
                0x200004a8        0x2 ./Core/Src/main.o
                0x200004a8                SinMapValues_PhaseB_debug2
 *fill*         0x200004aa        0x2 
 .bss.pid       0x200004ac       0x2c ./Core/Src/main.o
                0x200004ac                pid
 .bss.dce       0x200004d8       0x30 ./Core/Src/main.o
                0x200004d8                dce
 .bss.requestMode
                0x20000508        0x1 ./Core/Src/main.o
                0x20000508                requestMode
 .bss.runningMode
                0x20000509        0x1 ./Core/Src/main.o
                0x20000509                runningMode
 .bss.StepperState
                0x2000050a        0x1 ./Core/Src/main.o
                0x2000050a                StepperState
 .bss.softNewCurve
                0x2000050b        0x1 ./Core/Src/main.o
                0x2000050b                softNewCurve
 .bss.goalPosition
                0x2000050c        0x4 ./Core/Src/main.o
                0x2000050c                goalPosition
 .bss.softPosition
                0x20000510        0x4 ./Core/Src/main.o
                0x20000510                softPosition
 .bss.goalCurrent
                0x20000514        0x4 ./Core/Src/main.o
                0x20000514                goalCurrent
 .bss.softCurrent
                0x20000518        0x4 ./Core/Src/main.o
                0x20000518                softCurrent
 .bss.currentIntegral
                0x2000051c        0x4 ./Core/Src/main.o
                0x2000051c                currentIntegral
 .bss.trackCurrent
                0x20000520        0x4 ./Core/Src/main.o
                0x20000520                trackCurrent
 .bss.goCurrent
                0x20000524        0x4 ./Core/Src/main.o
                0x20000524                goCurrent
 .bss.currentAcc
                0x20000528        0x4 ./Core/Src/main.o
                0x20000528                currentAcc
 .bss.encoderHomeOffset
                0x2000052c        0x4 ./Core/Src/main.o
                0x2000052c                encoderHomeOffset
 .bss.velocityLimit
                0x20000530        0x4 ./Core/Src/main.o
                0x20000530                velocityLimit
 .bss.posVelocityUpAcc
                0x20000534        0x4 ./Core/Src/main.o
                0x20000534                posVelocityUpAcc
 .bss.posVelocityDownAcc
                0x20000538        0x4 ./Core/Src/main.o
                0x20000538                posVelocityDownAcc
 .bss.posSpeedLockingBrake
                0x2000053c        0x4 ./Core/Src/main.o
                0x2000053c                posSpeedLockingBrake
 .bss.posQuickVelocityDownAcc
                0x20000540        0x4 ./Core/Src/main.o
                0x20000540                posQuickVelocityDownAcc
 .bss.posVelocityIntegral
                0x20000544        0x4 ./Core/Src/main.o
                0x20000544                posVelocityIntegral
 .bss.posTrackVelocity
                0x20000548        0x4 ./Core/Src/main.o
                0x20000548                posTrackVelocity
 .bss.posPositionIntegral
                0x2000054c        0x4 ./Core/Src/main.o
                0x2000054c                posPositionIntegral
 .bss.posTrackPosition
                0x20000550        0x4 ./Core/Src/main.o
                0x20000550                posTrackPosition
 .bss.posGoLocation
                0x20000554        0x4 ./Core/Src/main.o
                0x20000554                posGoLocation
 .bss.posGoVelocity
                0x20000558        0x4 ./Core/Src/main.o
                0x20000558                posGoVelocity
 .bss.hspi1     0x2000055c       0x58 ./Core/Src/spi.o
                0x2000055c                hspi1
 .bss.htim2     0x200005b4       0x48 ./Core/Src/tim.o
                0x200005b4                htim2
 .bss.htim3     0x200005fc       0x48 ./Core/Src/tim.o
                0x200005fc                htim3
 .bss.uwTick    0x20000644        0x4 ./Drivers/STM32F1xx_HAL_Driver/Src/stm32f1xx_hal.o
                0x20000644                uwTick
 .bss.__sf      0x20000648      0x138 C:/ST/STM32CubeIDE_1.19.0/STM32CubeIDE/plugins/com.st.stm32cube.ide.mcu.externaltools.gnu-tools-for-stm32.14.3.rel1.win32_1.0.100.202602081740/tools/bin/../lib/gcc/arm-none-eabi/14.3.1/../../../../arm-none-eabi/lib/thumb/v7-m/nofp\libc_nano.a(libc_a-findfp.o)
                0x20000648                __sf
 *(COMMON)
                0x20000780                        . = ALIGN (0x4)
                0x20000780                        _ebss = .
                0x20000780                        __bss_end__ = _ebss

._user_heap_stack
                0x20000780      0x600 load address 0x0800657c
                0x20000780                        . = ALIGN (0x8)
                [!provide]                        PROVIDE (end = .)
                0x20000780                        PROVIDE (_end = .)
                0x20000980                        . = (. + _Min_Heap_Size)
 *fill*         0x20000780      0x200 
                0x20000d80                        . = (. + _Min_Stack_Size)
 *fill*         0x20000980      0x400 
                0x20000d80                        . = ALIGN (0x8)

/DISCARD/
 libc.a(*)
 libm.a(*)
 libgcc.a(*)

.ARM.attributes
                0x00000000       0x29
 *(.ARM.attributes)
 .ARM.attributes
                0x00000000       0x1d C:/ST/STM32CubeIDE_1.19.0/STM32CubeIDE/plugins/com.st.stm32cube.ide.mcu.externaltools.gnu-tools-for-stm32.14.3.rel1.win32_1.0.100.202602081740/tools/bin/../lib/gcc/arm-none-eabi/14.3.1/thumb/v7-m/nofp/crti.o
 .ARM.attributes
                0x0000001d       0x2d C:/ST/STM32CubeIDE_1.19.0/STM32CubeIDE/plugins/com.st.stm32cube.ide.mcu.externaltools.gnu-tools-for-stm32.14.3.rel1.win32_1.0.100.202602081740/tools/bin/../lib/gcc/arm-none-eabi/14.3.1/thumb/v7-m/nofp/crtbegin.o
 .ARM.attributes
                0x0000004a       0x2d ./Core/Src/Driver_tb67h450.o
 .ARM.attributes
                0x00000077       0x2d ./Core/Src/Encoder_mt6701.o
 .ARM.attributes
                0x000000a4       0x2d ./Core/Src/can.o
 .ARM.attributes
                0x000000d1       0x2d ./Core/Src/encoder_calib.o
 .ARM.attributes
                0x000000fe       0x2d ./Core/Src/gpio.o
 .ARM.attributes
                0x0000012b       0x2d ./Core/Src/main.o
 .ARM.attributes
                0x00000158       0x2d ./Core/Src/spi.o
 .ARM.attributes
                0x00000185       0x2d ./Core/Src/stm32f1xx_hal_msp.o
 .ARM.attributes
                0x000001b2       0x2d ./Core/Src/stm32f1xx_it.o
 .ARM.attributes
                0x000001df       0x2d ./Core/Src/system_stm32f1xx.o
 .ARM.attributes
                0x0000020c       0x2d ./Core/Src/tim.o
 .ARM.attributes
                0x00000239       0x21 ./Core/Startup/startup_stm32f103cbtx.o
 .ARM.attributes
                0x0000025a       0x2d ./Drivers/STM32F1xx_HAL_Driver/Src/stm32f1xx_hal.o
 .ARM.attributes
                0x00000287       0x2d ./Drivers/STM32F1xx_HAL_Driver/Src/stm32f1xx_hal_can.o
 .ARM.attributes
                0x000002b4       0x2d ./Drivers/STM32F1xx_HAL_Driver/Src/stm32f1xx_hal_cortex.o
 .ARM.attributes
                0x000002e1       0x2d ./Drivers/STM32F1xx_HAL_Driver/Src/stm32f1xx_hal_gpio.o
 .ARM.attributes
                0x0000030e       0x2d ./Drivers/STM32F1xx_HAL_Driver/Src/stm32f1xx_hal_rcc.o
 .ARM.attributes
                0x0000033b       0x2d ./Drivers/STM32F1xx_HAL_Driver/Src/stm32f1xx_hal_spi.o
 .ARM.attributes
                0x00000368       0x2d ./Drivers/STM32F1xx_HAL_Driver/Src/stm32f1xx_hal_tim.o
 .ARM.attributes
                0x00000395       0x2d ./Drivers/STM32F1xx_HAL_Driver/Src/stm32f1xx_hal_tim_ex.o
 .ARM.attributes
                0x000003c2       0x2d C:/ST/STM32CubeIDE_1.19.0/STM32CubeIDE/plugins/com.st.stm32cube.ide.mcu.externaltools.gnu-tools-for-stm32.14.3.rel1.win32_1.0.100.202602081740/tools/bin/../lib/gcc/arm-none-eabi/14.3.1/../../../../arm-none-eabi/lib/thumb/v7-m/nofp\libc_nano.a(libc_a-findfp.o)
 .ARM.attributes
                0x000003ef       0x2d C:/ST/STM32CubeIDE_1.19.0/STM32CubeIDE/plugins/com.st.stm32cube.ide.mcu.externaltools.gnu-tools-for-stm32.14.3.rel1.win32_1.0.100.202602081740/tools/bin/../lib/gcc/arm-none-eabi/14.3.1/../../../../arm-none-eabi/lib/thumb/v7-m/nofp\libc_nano.a(libc_a-memset.o)
 .ARM.attributes
                0x0000041c       0x2d C:/ST/STM32CubeIDE_1.19.0/STM32CubeIDE/plugins/com.st.stm32cube.ide.mcu.externaltools.gnu-tools-for-stm32.14.3.rel1.win32_1.0.100.202602081740/tools/bin/../lib/gcc/arm-none-eabi/14.3.1/../../../../arm-none-eabi/lib/thumb/v7-m/nofp\libc_nano.a(libc_a-impure.o)
 .ARM.attributes
                0x00000449       0x2d C:/ST/STM32CubeIDE_1.19.0/STM32CubeIDE/plugins/com.st.stm32cube.ide.mcu.externaltools.gnu-tools-for-stm32.14.3.rel1.win32_1.0.100.202602081740/tools/bin/../lib/gcc/arm-none-eabi/14.3.1/../../../../arm-none-eabi/lib/thumb/v7-m/nofp\libc_nano.a(libc_a-errno.o)
 .ARM.attributes
                0x00000476       0x2d C:/ST/STM32CubeIDE_1.19.0/STM32CubeIDE/plugins/com.st.stm32cube.ide.mcu.externaltools.gnu-tools-for-stm32.14.3.rel1.win32_1.0.100.202602081740/tools/bin/../lib/gcc/arm-none-eabi/14.3.1/../../../../arm-none-eabi/lib/thumb/v7-m/nofp\libc_nano.a(libc_a-init.o)
 .ARM.attributes
                0x000004a3       0x2d C:/ST/STM32CubeIDE_1.19.0/STM32CubeIDE/plugins/com.st.stm32cube.ide.mcu.externaltools.gnu-tools-for-stm32.14.3.rel1.win32_1.0.100.202602081740/tools/bin/../lib/gcc/arm-none-eabi/14.3.1/../../../../arm-none-eabi/lib/thumb/v7-m/nofp\libm.a(libm_a-wf_sqrt.o)
 .ARM.attributes
                0x000004d0       0x2d C:/ST/STM32CubeIDE_1.19.0/STM32CubeIDE/plugins/com.st.stm32cube.ide.mcu.externaltools.gnu-tools-for-stm32.14.3.rel1.win32_1.0.100.202602081740/tools/bin/../lib/gcc/arm-none-eabi/14.3.1/../../../../arm-none-eabi/lib/thumb/v7-m/nofp\libm.a(libm_a-ef_sqrt.o)
 .ARM.attributes
                0x000004fd       0x1d C:/ST/STM32CubeIDE_1.19.0/STM32CubeIDE/plugins/com.st.stm32cube.ide.mcu.externaltools.gnu-tools-for-stm32.14.3.rel1.win32_1.0.100.202602081740/tools/bin/../lib/gcc/arm-none-eabi/14.3.1/thumb/v7-m/nofp\libgcc.a(_arm_addsubsf3.o)
 .ARM.attributes
                0x0000051a       0x1d C:/ST/STM32CubeIDE_1.19.0/STM32CubeIDE/plugins/com.st.stm32cube.ide.mcu.externaltools.gnu-tools-for-stm32.14.3.rel1.win32_1.0.100.202602081740/tools/bin/../lib/gcc/arm-none-eabi/14.3.1/thumb/v7-m/nofp\libgcc.a(_arm_muldivsf3.o)
 .ARM.attributes
                0x00000537       0x1d C:/ST/STM32CubeIDE_1.19.0/STM32CubeIDE/plugins/com.st.stm32cube.ide.mcu.externaltools.gnu-tools-for-stm32.14.3.rel1.win32_1.0.100.202602081740/tools/bin/../lib/gcc/arm-none-eabi/14.3.1/thumb/v7-m/nofp\libgcc.a(_arm_cmpsf2.o)
 .ARM.attributes
                0x00000554       0x1d C:/ST/STM32CubeIDE_1.19.0/STM32CubeIDE/plugins/com.st.stm32cube.ide.mcu.externaltools.gnu-tools-for-stm32.14.3.rel1.win32_1.0.100.202602081740/tools/bin/../lib/gcc/arm-none-eabi/14.3.1/thumb/v7-m/nofp\libgcc.a(_arm_unordsf2.o)
 .ARM.attributes
                0x00000571       0x1d C:/ST/STM32CubeIDE_1.19.0/STM32CubeIDE/plugins/com.st.stm32cube.ide.mcu.externaltools.gnu-tools-for-stm32.14.3.rel1.win32_1.0.100.202602081740/tools/bin/../lib/gcc/arm-none-eabi/14.3.1/thumb/v7-m/nofp\libgcc.a(_arm_fixsfsi.o)
 .ARM.attributes
                0x0000058e       0x1d C:/ST/STM32CubeIDE_1.19.0/STM32CubeIDE/plugins/com.st.stm32cube.ide.mcu.externaltools.gnu-tools-for-stm32.14.3.rel1.win32_1.0.100.202602081740/tools/bin/../lib/gcc/arm-none-eabi/14.3.1/thumb/v7-m/nofp/crtn.o
OUTPUT(F103CBT6_FOC_StepMotor_Slave.elf elf32-littlearm)
LOAD linker stubs
LOAD C:/ST/STM32CubeIDE_1.19.0/STM32CubeIDE/plugins/com.st.stm32cube.ide.mcu.externaltools.gnu-tools-for-stm32.14.3.rel1.win32_1.0.100.202602081740/tools/bin/../lib/gcc/arm-none-eabi/14.3.1/../../../../arm-none-eabi/lib/thumb/v7-m/nofp\libc.a
LOAD C:/ST/STM32CubeIDE_1.19.0/STM32CubeIDE/plugins/com.st.stm32cube.ide.mcu.externaltools.gnu-tools-for-stm32.14.3.rel1.win32_1.0.100.202602081740/tools/bin/../lib/gcc/arm-none-eabi/14.3.1/../../../../arm-none-eabi/lib/thumb/v7-m/nofp\libm.a
LOAD C:/ST/STM32CubeIDE_1.19.0/STM32CubeIDE/plugins/com.st.stm32cube.ide.mcu.externaltools.gnu-tools-for-stm32.14.3.rel1.win32_1.0.100.202602081740/tools/bin/../lib/gcc/arm-none-eabi/14.3.1/thumb/v7-m/nofp\libgcc.a

.debug_info     0x00000000     0xdb04
 .debug_info    0x00000000      0x834 ./Core/Src/Driver_tb67h450.o
 .debug_info    0x00000834      0x6d6 ./Core/Src/Encoder_mt6701.o
 .debug_info    0x00000f0a      0xccf ./Core/Src/can.o
 .debug_info    0x00001bd9      0x56a ./Core/Src/encoder_calib.o
 .debug_info    0x00002143      0x2b7 ./Core/Src/gpio.o
 .debug_info    0x000023fa     0x1424 ./Core/Src/main.o
 .debug_info    0x0000381e      0x7bc ./Core/Src/spi.o
 .debug_info    0x00003fda      0x1f1 ./Core/Src/stm32f1xx_hal_msp.o
 .debug_info    0x000041cb      0xa98 ./Core/Src/stm32f1xx_it.o
 .debug_info    0x00004c63      0x222 ./Core/Src/system_stm32f1xx.o
 .debug_info    0x00004e85      0xc10 ./Core/Src/tim.o
 .debug_info    0x00005a95       0x30 ./Core/Startup/startup_stm32f103cbtx.o
 .debug_info    0x00005ac5      0x704 ./Drivers/STM32F1xx_HAL_Driver/Src/stm32f1xx_hal.o
 .debug_info    0x000061c9      0xf13 ./Drivers/STM32F1xx_HAL_Driver/Src/stm32f1xx_hal_can.o
 .debug_info    0x000070dc      0xa87 ./Drivers/STM32F1xx_HAL_Driver/Src/stm32f1xx_hal_cortex.o
 .debug_info    0x00007b63      0x5ab ./Drivers/STM32F1xx_HAL_Driver/Src/stm32f1xx_hal_gpio.o
 .debug_info    0x0000810e      0x7d5 ./Drivers/STM32F1xx_HAL_Driver/Src/stm32f1xx_hal_rcc.o
 .debug_info    0x000088e3     0x142d ./Drivers/STM32F1xx_HAL_Driver/Src/stm32f1xx_hal_spi.o
 .debug_info    0x00009d10     0x2959 ./Drivers/STM32F1xx_HAL_Driver/Src/stm32f1xx_hal_tim.o
 .debug_info    0x0000c669     0x149b ./Drivers/STM32F1xx_HAL_Driver/Src/stm32f1xx_hal_tim_ex.o

.debug_abbrev   0x00000000     0x2833
 .debug_abbrev  0x00000000      0x1c7 ./Core/Src/Driver_tb67h450.o
 .debug_abbrev  0x000001c7      0x1a3 ./Core/Src/Encoder_mt6701.o
 .debug_abbrev  0x0000036a      0x27d ./Core/Src/can.o
 .debug_abbrev  0x000005e7      0x202 ./Core/Src/encoder_calib.o
 .debug_abbrev  0x000007e9      0x13f ./Core/Src/gpio.o
 .debug_abbrev  0x00000928      0x3b3 ./Core/Src/main.o
 .debug_abbrev  0x00000cdb      0x1e7 ./Core/Src/spi.o
 .debug_abbrev  0x00000ec2       0xdb ./Core/Src/stm32f1xx_hal_msp.o
 .debug_abbrev  0x00000f9d      0x1eb ./Core/Src/stm32f1xx_it.o
 .debug_abbrev  0x00001188      0x13f ./Core/Src/system_stm32f1xx.o
 .debug_abbrev  0x000012c7      0x243 ./Core/Src/tim.o
 .debug_abbrev  0x0000150a       0x24 ./Core/Startup/startup_stm32f103cbtx.o
 .debug_abbrev  0x0000152e      0x201 ./Drivers/STM32F1xx_HAL_Driver/Src/stm32f1xx_hal.o
 .debug_abbrev  0x0000172f      0x21c ./Drivers/STM32F1xx_HAL_Driver/Src/stm32f1xx_hal_can.o
 .debug_abbrev  0x0000194b      0x2f8 ./Drivers/STM32F1xx_HAL_Driver/Src/stm32f1xx_hal_cortex.o
 .debug_abbrev  0x00001c43      0x1ca ./Drivers/STM32F1xx_HAL_Driver/Src/stm32f1xx_hal_gpio.o
 .debug_abbrev  0x00001e0d      0x2b3 ./Drivers/STM32F1xx_HAL_Driver/Src/stm32f1xx_hal_rcc.o
 .debug_abbrev  0x000020c0      0x27a ./Drivers/STM32F1xx_HAL_Driver/Src/stm32f1xx_hal_spi.o
 .debug_abbrev  0x0000233a      0x277 ./Drivers/STM32F1xx_HAL_Driver/Src/stm32f1xx_hal_tim.o
 .debug_abbrev  0x000025b1      0x282 ./Drivers/STM32F1xx_HAL_Driver/Src/stm32f1xx_hal_tim_ex.o

.debug_aranges  0x00000000      0xe70
 .debug_aranges
                0x00000000       0x38 ./Core/Src/Driver_tb67h450.o
 .debug_aranges
                0x00000038       0x20 ./Core/Src/Encoder_mt6701.o
 .debug_aranges
                0x00000058       0x48 ./Core/Src/can.o
 .debug_aranges
                0x000000a0       0x68 ./Core/Src/encoder_calib.o
 .debug_aranges
                0x00000108       0x20 ./Core/Src/gpio.o
 .debug_aranges
                0x00000128       0xe0 ./Core/Src/main.o
 .debug_aranges
                0x00000208       0x30 ./Core/Src/spi.o
 .debug_aranges
                0x00000238       0x20 ./Core/Src/stm32f1xx_hal_msp.o
 .debug_aranges
                0x00000258       0x80 ./Core/Src/stm32f1xx_it.o
 .debug_aranges
                0x000002d8       0x28 ./Core/Src/system_stm32f1xx.o
 .debug_aranges
                0x00000300       0x40 ./Core/Src/tim.o
 .debug_aranges
                0x00000340       0x28 ./Core/Startup/startup_stm32f103cbtx.o
 .debug_aranges
                0x00000368       0xe0 ./Drivers/STM32F1xx_HAL_Driver/Src/stm32f1xx_hal.o
 .debug_aranges
                0x00000448      0x138 ./Drivers/STM32F1xx_HAL_Driver/Src/stm32f1xx_hal_can.o
 .debug_aranges
                0x00000580      0x100 ./Drivers/STM32F1xx_HAL_Driver/Src/stm32f1xx_hal_cortex.o
 .debug_aranges
                0x00000680       0x58 ./Drivers/STM32F1xx_HAL_Driver/Src/stm32f1xx_hal_gpio.o
 .debug_aranges
                0x000006d8       0x90 ./Drivers/STM32F1xx_HAL_Driver/Src/stm32f1xx_hal_rcc.o
 .debug_aranges
                0x00000768      0x1d0 ./Drivers/STM32F1xx_HAL_Driver/Src/stm32f1xx_hal_spi.o
 .debug_aranges
                0x00000938      0x3d0 ./Drivers/STM32F1xx_HAL_Driver/Src/stm32f1xx_hal_tim.o
 .debug_aranges
                0x00000d08      0x168 ./Drivers/STM32F1xx_HAL_Driver/Src/stm32f1xx_hal_tim_ex.o

.debug_rnglists
                0x00000000      0xb32
 .debug_rnglists
                0x00000000       0x26 ./Core/Src/Driver_tb67h450.o
 .debug_rnglists
                0x00000026       0x13 ./Core/Src/Encoder_mt6701.o
 .debug_rnglists
                0x00000039       0x33 ./Core/Src/can.o
 .debug_rnglists
                0x0000006c       0x4d ./Core/Src/encoder_calib.o
 .debug_rnglists
                0x000000b9       0x14 ./Core/Src/gpio.o
 .debug_rnglists
                0x000000cd       0xd3 ./Core/Src/main.o
 .debug_rnglists
                0x000001a0       0x20 ./Core/Src/spi.o
 .debug_rnglists
                0x000001c0       0x13 ./Core/Src/stm32f1xx_hal_msp.o
 .debug_rnglists
                0x000001d3       0x5b ./Core/Src/stm32f1xx_it.o
 .debug_rnglists
                0x0000022e       0x1a ./Core/Src/system_stm32f1xx.o
 .debug_rnglists
                0x00000248       0x2e ./Core/Src/tim.o
 .debug_rnglists
                0x00000276       0x19 ./Core/Startup/startup_stm32f103cbtx.o
 .debug_rnglists
                0x0000028f       0xa3 ./Drivers/STM32F1xx_HAL_Driver/Src/stm32f1xx_hal.o
 .debug_rnglists
                0x00000332       0xed ./Drivers/STM32F1xx_HAL_Driver/Src/stm32f1xx_hal_can.o
 .debug_rnglists
                0x0000041f       0xbb ./Drivers/STM32F1xx_HAL_Driver/Src/stm32f1xx_hal_cortex.o
 .debug_rnglists
                0x000004da       0x3f ./Drivers/STM32F1xx_HAL_Driver/Src/stm32f1xx_hal_gpio.o
 .debug_rnglists
                0x00000519       0x6c ./Drivers/STM32F1xx_HAL_Driver/Src/stm32f1xx_hal_rcc.o
 .debug_rnglists
                0x00000585      0x16e ./Drivers/STM32F1xx_HAL_Driver/Src/stm32f1xx_hal_spi.o
 .debug_rnglists
                0x000006f3      0x31a ./Drivers/STM32F1xx_HAL_Driver/Src/stm32f1xx_hal_tim.o
 .debug_rnglists
                0x00000a0d      0x125 ./Drivers/STM32F1xx_HAL_Driver/Src/stm32f1xx_hal_tim_ex.o

.debug_macro    0x00000000    0x1909c
 .debug_macro   0x00000000      0x2a2 ./Core/Src/Driver_tb67h450.o
 .debug_macro   0x000002a2      0xacc ./Core/Src/Driver_tb67h450.o
 .debug_macro   0x00000d6e       0x22 ./Core/Src/Driver_tb67h450.o
 .debug_macro   0x00000d90       0x24 ./Core/Src/Driver_tb67h450.o
 .debug_macro   0x00000db4       0x22 ./Core/Src/Driver_tb67h450.o
 .debug_macro   0x00000dd6       0x5b ./Core/Src/Driver_tb67h450.o
 .debug_macro   0x00000e31       0x94 ./Core/Src/Driver_tb67h450.o
 .debug_macro   0x00000ec5       0x43 ./Core/Src/Driver_tb67h450.o
 .debug_macro   0x00000f08       0x34 ./Core/Src/Driver_tb67h450.o
 .debug_macro   0x00000f3c       0x16 ./Core/Src/Driver_tb67h450.o
 .debug_macro   0x00000f52      0x11c ./Core/Src/Driver_tb67h450.o
 .debug_macro   0x0000106e       0x9b ./Core/Src/Driver_tb67h450.o
 .debug_macro   0x00001109       0x57 ./Core/Src/Driver_tb67h450.o
 .debug_macro   0x00001160      0x364 ./Core/Src/Driver_tb67h450.o
 .debug_macro   0x000014c4       0x16 ./Core/Src/Driver_tb67h450.o
 .debug_macro   0x000014da       0x4a ./Core/Src/Driver_tb67h450.o
 .debug_macro   0x00001524       0x34 ./Core/Src/Driver_tb67h450.o
 .debug_macro   0x00001558       0x10 ./Core/Src/Driver_tb67h450.o
 .debug_macro   0x00001568       0x58 ./Core/Src/Driver_tb67h450.o
 .debug_macro   0x000015c0       0x8e ./Core/Src/Driver_tb67h450.o
 .debug_macro   0x0000164e       0x1c ./Core/Src/Driver_tb67h450.o
 .debug_macro   0x0000166a      0x17e ./Core/Src/Driver_tb67h450.o
 .debug_macro   0x000017e8       0x16 ./Core/Src/Driver_tb67h450.o
 .debug_macro   0x000017fe       0x29 ./Core/Src/Driver_tb67h450.o
 .debug_macro   0x00001827      0x221 ./Core/Src/Driver_tb67h450.o
 .debug_macro   0x00001a48       0x2e ./Core/Src/Driver_tb67h450.o
 .debug_macro   0x00001a76       0x22 ./Core/Src/Driver_tb67h450.o
 .debug_macro   0x00001a98      0x103 ./Core/Src/Driver_tb67h450.o
 .debug_macro   0x00001b9b       0x6a ./Core/Src/Driver_tb67h450.o
 .debug_macro   0x00001c05      0x1df ./Core/Src/Driver_tb67h450.o
 .debug_macro   0x00001de4       0x1c ./Core/Src/Driver_tb67h450.o
 .debug_macro   0x00001e00       0x22 ./Core/Src/Driver_tb67h450.o
 .debug_macro   0x00001e22       0xbd ./Core/Src/Driver_tb67h450.o
 .debug_macro   0x00001edf      0xd23 ./Core/Src/Driver_tb67h450.o
 .debug_macro   0x00002c02     0xe09e ./Core/Src/Driver_tb67h450.o
 .debug_macro   0x00010ca0       0x6d ./Core/Src/Driver_tb67h450.o
 .debug_macro   0x00010d0d     0x34a2 ./Core/Src/Driver_tb67h450.o
 .debug_macro   0x000141af       0x56 ./Core/Src/Driver_tb67h450.o
 .debug_macro   0x00014205      0x5bc ./Core/Src/Driver_tb67h450.o
 .debug_macro   0x000147c1      0x289 ./Core/Src/Driver_tb67h450.o
 .debug_macro   0x00014a4a      0x1cb ./Core/Src/Driver_tb67h450.o
 .debug_macro   0x00014c15      0x114 ./Core/Src/Driver_tb67h450.o
 .debug_macro   0x00014d29      0x1b2 ./Core/Src/Driver_tb67h450.o
 .debug_macro   0x00014edb       0x27 ./Core/Src/Driver_tb67h450.o
 .debug_macro   0x00014f02      0x136 ./Core/Src/Driver_tb67h450.o
 .debug_macro   0x00015038      0x1bc ./Core/Src/Driver_tb67h450.o
 .debug_macro   0x000151f4       0x34 ./Core/Src/Driver_tb67h450.o
 .debug_macro   0x00015228       0x3c ./Core/Src/Driver_tb67h450.o
 .debug_macro   0x00015264      0x408 ./Core/Src/Driver_tb67h450.o
 .debug_macro   0x0001566c       0x57 ./Core/Src/Driver_tb67h450.o
 .debug_macro   0x000156c3       0x87 ./Core/Src/Driver_tb67h450.o
 .debug_macro   0x0001574a      0x240 ./Core/Src/Driver_tb67h450.o
 .debug_macro   0x0001598a      0x140 ./Core/Src/Driver_tb67h450.o
 .debug_macro   0x00015aca      0x217 ./Core/Src/Driver_tb67h450.o
 .debug_macro   0x00015ce1      0x8ed ./Core/Src/Driver_tb67h450.o
 .debug_macro   0x000165ce       0x83 ./Core/Src/Driver_tb67h450.o
 .debug_macro   0x00016651       0x70 ./Core/Src/Driver_tb67h450.o
 .debug_macro   0x000166c1       0x16 ./Core/Src/Driver_tb67h450.o
 .debug_macro   0x000166d7      0x299 ./Core/Src/Encoder_mt6701.o
 .debug_macro   0x00016970      0x2a2 ./Core/Src/can.o
 .debug_macro   0x00016c12       0x8e ./Core/Src/can.o
 .debug_macro   0x00016ca0       0x51 ./Core/Src/can.o
 .debug_macro   0x00016cf1      0x190 ./Core/Src/can.o
 .debug_macro   0x00016e81       0x5c ./Core/Src/can.o
 .debug_macro   0x00016edd       0x61 ./Core/Src/can.o
 .debug_macro   0x00016f3e       0x10 ./Core/Src/can.o
 .debug_macro   0x00016f4e       0x3c ./Core/Src/can.o
 .debug_macro   0x00016f8a       0x20 ./Core/Src/can.o
 .debug_macro   0x00016faa       0x16 ./Core/Src/can.o
 .debug_macro   0x00016fc0      0x2bc ./Core/Src/encoder_calib.o
 .debug_macro   0x0001727c       0x3a ./Core/Src/encoder_calib.o
 .debug_macro   0x000172b6      0x1cf ./Core/Src/gpio.o
 .debug_macro   0x00017485      0x33c ./Core/Src/main.o
 .debug_macro   0x000177c1      0x19b ./Core/Src/main.o
 .debug_macro   0x0001795c       0x40 ./Core/Src/main.o
 .debug_macro   0x0001799c      0x1cf ./Core/Src/spi.o
 .debug_macro   0x00017b6b      0x1c5 ./Core/Src/stm32f1xx_hal_msp.o
 .debug_macro   0x00017d30      0x1cf ./Core/Src/stm32f1xx_it.o
 .debug_macro   0x00017eff      0x1ad ./Core/Src/system_stm32f1xx.o
 .debug_macro   0x000180ac      0x1cf ./Core/Src/tim.o
 .debug_macro   0x0001827b      0x1d1 ./Drivers/STM32F1xx_HAL_Driver/Src/stm32f1xx_hal.o
 .debug_macro   0x0001844c      0x1bc ./Drivers/STM32F1xx_HAL_Driver/Src/stm32f1xx_hal_can.o
 .debug_macro   0x00018608      0x1ad ./Drivers/STM32F1xx_HAL_Driver/Src/stm32f1xx_hal_cortex.o
 .debug_macro   0x000187b5      0x218 ./Drivers/STM32F1xx_HAL_Driver/Src/stm32f1xx_hal_gpio.o
 .debug_macro   0x000189cd      0x1bf ./Drivers/STM32F1xx_HAL_Driver/Src/stm32f1xx_hal_rcc.o
 .debug_macro   0x00018b8c      0x1b5 ./Drivers/STM32F1xx_HAL_Driver/Src/stm32f1xx_hal_spi.o
 .debug_macro   0x00018d41      0x1ae ./Drivers/STM32F1xx_HAL_Driver/Src/stm32f1xx_hal_tim.o
 .debug_macro   0x00018eef      0x1ad ./Drivers/STM32F1xx_HAL_Driver/Src/stm32f1xx_hal_tim_ex.o

.debug_line     0x00000000    0x11630
 .debug_line    0x00000000      0x9f9 ./Core/Src/Driver_tb67h450.o
 .debug_line    0x000009f9      0x8a7 ./Core/Src/Encoder_mt6701.o
 .debug_line    0x000012a0      0xa0f ./Core/Src/can.o
 .debug_line    0x00001caf      0xe50 ./Core/Src/encoder_calib.o
 .debug_line    0x00002aff      0x75b ./Core/Src/gpio.o
 .debug_line    0x0000325a     0x12c9 ./Core/Src/main.o
 .debug_line    0x00004523      0x7a3 ./Core/Src/spi.o
 .debug_line    0x00004cc6      0x728 ./Core/Src/stm32f1xx_hal_msp.o
 .debug_line    0x000053ee      0x836 ./Core/Src/stm32f1xx_it.o
 .debug_line    0x00005c24      0x799 ./Core/Src/system_stm32f1xx.o
 .debug_line    0x000063bd      0x883 ./Core/Src/tim.o
 .debug_line    0x00006c40       0x78 ./Core/Startup/startup_stm32f103cbtx.o
 .debug_line    0x00006cb8      0x9cd ./Drivers/STM32F1xx_HAL_Driver/Src/stm32f1xx_hal.o
 .debug_line    0x00007685     0x11c3 ./Drivers/STM32F1xx_HAL_Driver/Src/stm32f1xx_hal_can.o
 .debug_line    0x00008848      0xb94 ./Drivers/STM32F1xx_HAL_Driver/Src/stm32f1xx_hal_cortex.o
 .debug_line    0x000093dc      0xa24 ./Drivers/STM32F1xx_HAL_Driver/Src/stm32f1xx_hal_gpio.o
 .debug_line    0x00009e00      0xe83 ./Drivers/STM32F1xx_HAL_Driver/Src/stm32f1xx_hal_rcc.o
 .debug_line    0x0000ac83     0x1c61 ./Drivers/STM32F1xx_HAL_Driver/Src/stm32f1xx_hal_spi.o
 .debug_line    0x0000c8e4     0x34be ./Drivers/STM32F1xx_HAL_Driver/Src/stm32f1xx_hal_tim.o
 .debug_line    0x0000fda2     0x188e ./Drivers/STM32F1xx_HAL_Driver/Src/stm32f1xx_hal_tim_ex.o

.debug_str      0x00000000    0x8d0b5
 .debug_str     0x00000000    0x8d0b5 ./Core/Src/Driver_tb67h450.o
                              0x88b79 (size before relaxing)
 .debug_str     0x0008d0b5    0x8890a ./Core/Src/Encoder_mt6701.o
 .debug_str     0x0008d0b5    0x88e07 ./Core/Src/can.o
 .debug_str     0x0008d0b5    0x8885f ./Core/Src/encoder_calib.o
 .debug_str     0x0008d0b5    0x85390 ./Core/Src/gpio.o
 .debug_str     0x0008d0b5    0x89dc1 ./Core/Src/main.o
 .debug_str     0x0008d0b5    0x857a1 ./Core/Src/spi.o
 .debug_str     0x0008d0b5    0x85318 ./Core/Src/stm32f1xx_hal_msp.o
 .debug_str     0x0008d0b5    0x85ad4 ./Core/Src/stm32f1xx_it.o
 .debug_str     0x0008d0b5    0x85147 ./Core/Src/system_stm32f1xx.o
 .debug_str     0x0008d0b5    0x85d5f ./Core/Src/tim.o
 .debug_str     0x0008d0b5       0xa3 ./Core/Startup/startup_stm32f103cbtx.o
 .debug_str     0x0008d0b5    0x8587a ./Drivers/STM32F1xx_HAL_Driver/Src/stm32f1xx_hal.o
 .debug_str     0x0008d0b5    0x8594f ./Drivers/STM32F1xx_HAL_Driver/Src/stm32f1xx_hal_can.o
 .debug_str     0x0008d0b5    0x857c6 ./Drivers/STM32F1xx_HAL_Driver/Src/stm32f1xx_hal_cortex.o
 .debug_str     0x0008d0b5    0x854cd ./Drivers/STM32F1xx_HAL_Driver/Src/stm32f1xx_hal_gpio.o
 .debug_str     0x0008d0b5    0x85576 ./Drivers/STM32F1xx_HAL_Driver/Src/stm32f1xx_hal_rcc.o
 .debug_str     0x0008d0b5    0x85a6d ./Drivers/STM32F1xx_HAL_Driver/Src/stm32f1xx_hal_spi.o
 .debug_str     0x0008d0b5    0x86578 ./Drivers/STM32F1xx_HAL_Driver/Src/stm32f1xx_hal_tim.o
 .debug_str     0x0008d0b5    0x85d84 ./Drivers/STM32F1xx_HAL_Driver/Src/stm32f1xx_hal_tim_ex.o

.comment        0x00000000       0x43
 .comment       0x00000000       0x43 ./Core/Src/Driver_tb67h450.o
                                 0x44 (size before relaxing)
 .comment       0x00000043       0x44 ./Core/Src/Encoder_mt6701.o
 .comment       0x00000043       0x44 ./Core/Src/can.o
 .comment       0x00000043       0x44 ./Core/Src/encoder_calib.o
 .comment       0x00000043       0x44 ./Core/Src/gpio.o
 .comment       0x00000043       0x44 ./Core/Src/main.o
 .comment       0x00000043       0x44 ./Core/Src/spi.o
 .comment       0x00000043       0x44 ./Core/Src/stm32f1xx_hal_msp.o
 .comment       0x00000043       0x44 ./Core/Src/stm32f1xx_it.o
 .comment       0x00000043       0x44 ./Core/Src/system_stm32f1xx.o
 .comment       0x00000043       0x44 ./Core/Src/tim.o
 .comment       0x00000043       0x44 ./Drivers/STM32F1xx_HAL_Driver/Src/stm32f1xx_hal.o
 .comment       0x00000043       0x44 ./Drivers/STM32F1xx_HAL_Driver/Src/stm32f1xx_hal_can.o
 .comment       0x00000043       0x44 ./Drivers/STM32F1xx_HAL_Driver/Src/stm32f1xx_hal_cortex.o
 .comment       0x00000043       0x44 ./Drivers/STM32F1xx_HAL_Driver/Src/stm32f1xx_hal_gpio.o
 .comment       0x00000043       0x44 ./Drivers/STM32F1xx_HAL_Driver/Src/stm32f1xx_hal_rcc.o
 .comment       0x00000043       0x44 ./Drivers/STM32F1xx_HAL_Driver/Src/stm32f1xx_hal_spi.o
 .comment       0x00000043       0x44 ./Drivers/STM32F1xx_HAL_Driver/Src/stm32f1xx_hal_tim.o
 .comment       0x00000043       0x44 ./Drivers/STM32F1xx_HAL_Driver/Src/stm32f1xx_hal_tim_ex.o

.debug_frame    0x00000000     0x3b88
 .debug_frame   0x00000000       0xa0 ./Core/Src/Driver_tb67h450.o
 .debug_frame   0x000000a0       0x34 ./Core/Src/Encoder_mt6701.o
 .debug_frame   0x000000d4       0xe0 ./Core/Src/can.o
 .debug_frame   0x000001b4      0x170 ./Core/Src/encoder_calib.o
 .debug_frame   0x00000324       0x34 ./Core/Src/gpio.o
 .debug_frame   0x00000358      0x388 ./Core/Src/main.o
 .debug_frame   0x000006e0       0x74 ./Core/Src/spi.o
 .debug_frame   0x00000754       0x34 ./Core/Src/stm32f1xx_hal_msp.o
 .debug_frame   0x00000788      0x168 ./Core/Src/stm32f1xx_it.o
 .debug_frame   0x000008f0       0x50 ./Core/Src/system_stm32f1xx.o
 .debug_frame   0x00000940       0xc4 ./Core/Src/tim.o
 .debug_frame   0x00000a04      0x2e4 ./Drivers/STM32F1xx_HAL_Driver/Src/stm32f1xx_hal.o
 .debug_frame   0x00000ce8      0x524 ./Drivers/STM32F1xx_HAL_Driver/Src/stm32f1xx_hal_can.o
 .debug_frame   0x0000120c      0x3f0 ./Drivers/STM32F1xx_HAL_Driver/Src/stm32f1xx_hal_cortex.o
 .debug_frame   0x000015fc      0x130 ./Drivers/STM32F1xx_HAL_Driver/Src/stm32f1xx_hal_gpio.o
 .debug_frame   0x0000172c      0x1f8 ./Drivers/STM32F1xx_HAL_Driver/Src/stm32f1xx_hal_rcc.o
 .debug_frame   0x00001924      0x7dc ./Drivers/STM32F1xx_HAL_Driver/Src/stm32f1xx_hal_spi.o
 .debug_frame   0x00002100     0x10e8 ./Drivers/STM32F1xx_HAL_Driver/Src/stm32f1xx_hal_tim.o
 .debug_frame   0x000031e8      0x600 ./Drivers/STM32F1xx_HAL_Driver/Src/stm32f1xx_hal_tim_ex.o
 .debug_frame   0x000037e8      0x144 C:/ST/STM32CubeIDE_1.19.0/STM32CubeIDE/plugins/com.st.stm32cube.ide.mcu.externaltools.gnu-tools-for-stm32.14.3.rel1.win32_1.0.100.202602081740/tools/bin/../lib/gcc/arm-none-eabi/14.3.1/../../../../arm-none-eabi/lib/thumb/v7-m/nofp\libc_nano.a(libc_a-findfp.o)
 .debug_frame   0x0000392c       0x20 C:/ST/STM32CubeIDE_1.19.0/STM32CubeIDE/plugins/com.st.stm32cube.ide.mcu.externaltools.gnu-tools-for-stm32.14.3.rel1.win32_1.0.100.202602081740/tools/bin/../lib/gcc/arm-none-eabi/14.3.1/../../../../arm-none-eabi/lib/thumb/v7-m/nofp\libc_nano.a(libc_a-memset.o)
 .debug_frame   0x0000394c       0x20 C:/ST/STM32CubeIDE_1.19.0/STM32CubeIDE/plugins/com.st.stm32cube.ide.mcu.externaltools.gnu-tools-for-stm32.14.3.rel1.win32_1.0.100.202602081740/tools/bin/../lib/gcc/arm-none-eabi/14.3.1/../../../../arm-none-eabi/lib/thumb/v7-m/nofp\libc_nano.a(libc_a-errno.o)
 .debug_frame   0x0000396c       0x2c C:/ST/STM32CubeIDE_1.19.0/STM32CubeIDE/plugins/com.st.stm32cube.ide.mcu.externaltools.gnu-tools-for-stm32.14.3.rel1.win32_1.0.100.202602081740/tools/bin/../lib/gcc/arm-none-eabi/14.3.1/../../../../arm-none-eabi/lib/thumb/v7-m/nofp\libc_nano.a(libc_a-init.o)
 .debug_frame   0x00003998       0x2c C:/ST/STM32CubeIDE_1.19.0/STM32CubeIDE/plugins/com.st.stm32cube.ide.mcu.externaltools.gnu-tools-for-stm32.14.3.rel1.win32_1.0.100.202602081740/tools/bin/../lib/gcc/arm-none-eabi/14.3.1/../../../../arm-none-eabi/lib/thumb/v7-m/nofp\libm.a(libm_a-wf_sqrt.o)
 .debug_frame   0x000039c4       0x30 C:/ST/STM32CubeIDE_1.19.0/STM32CubeIDE/plugins/com.st.stm32cube.ide.mcu.externaltools.gnu-tools-for-stm32.14.3.rel1.win32_1.0.100.202602081740/tools/bin/../lib/gcc/arm-none-eabi/14.3.1/../../../../arm-none-eabi/lib/thumb/v7-m/nofp\libm.a(libm_a-ef_sqrt.o)
 .debug_frame   0x000039f4       0x4c C:/ST/STM32CubeIDE_1.19.0/STM32CubeIDE/plugins/com.st.stm32cube.ide.mcu.externaltools.gnu-tools-for-stm32.14.3.rel1.win32_1.0.100.202602081740/tools/bin/../lib/gcc/arm-none-eabi/14.3.1/thumb/v7-m/nofp\libgcc.a(_arm_addsubsf3.o)
 .debug_frame   0x00003a40       0x38 C:/ST/STM32CubeIDE_1.19.0/STM32CubeIDE/plugins/com.st.stm32cube.ide.mcu.externaltools.gnu-tools-for-stm32.14.3.rel1.win32_1.0.100.202602081740/tools/bin/../lib/gcc/arm-none-eabi/14.3.1/thumb/v7-m/nofp\libgcc.a(_arm_muldivsf3.o)
 .debug_frame   0x00003a78       0xc8 C:/ST/STM32CubeIDE_1.19.0/STM32CubeIDE/plugins/com.st.stm32cube.ide.mcu.externaltools.gnu-tools-for-stm32.14.3.rel1.win32_1.0.100.202602081740/tools/bin/../lib/gcc/arm-none-eabi/14.3.1/thumb/v7-m/nofp\libgcc.a(_arm_cmpsf2.o)
 .debug_frame   0x00003b40       0x24 C:/ST/STM32CubeIDE_1.19.0/STM32CubeIDE/plugins/com.st.stm32cube.ide.mcu.externaltools.gnu-tools-for-stm32.14.3.rel1.win32_1.0.100.202602081740/tools/bin/../lib/gcc/arm-none-eabi/14.3.1/thumb/v7-m/nofp\libgcc.a(_arm_unordsf2.o)
 .debug_frame   0x00003b64       0x24 C:/ST/STM32CubeIDE_1.19.0/STM32CubeIDE/plugins/com.st.stm32cube.ide.mcu.externaltools.gnu-tools-for-stm32.14.3.rel1.win32_1.0.100.202602081740/tools/bin/../lib/gcc/arm-none-eabi/14.3.1/thumb/v7-m/nofp\libgcc.a(_arm_fixsfsi.o)

.debug_line_str
                0x00000000       0x87
 .debug_line_str
                0x00000000       0x87 ./Core/Startup/startup_stm32f103cbtx.o
