../Core/Src/main.c:168:9:GetPosition	4	static
../Core/Src/main.c:178:13:CalcVelocityIntegral	16	static
../Core/Src/main.c:190:13:CalcSoftGoal	24	static
../Core/Src/main.c:250:16:CompensateAdvancedAngle	24	static
../Core/Src/main.c:282:13:CalcCurrentToOutput	16	static
../Core/Src/main.c:296:13:CurrentTracker_CalcCurrentIntegral	16	static
../Core/Src/main.c:308:13:CurrentTracker_SetCurrentAcc	16	static
../Core/Src/main.c:318:13:CurrentTracker_NewTask	16	static
../Core/Src/main.c:329:13:CurrentTracker_CalcSoftGoal	24	static
../Core/Src/main.c:388:6:SetCurrentSetPoint	16	static
../Core/Src/main.c:400:6:SetVelocitySetPoint	16	static
../Core/Src/main.c:412:6:SetPositionSetPoint	16	static
../Core/Src/main.c:426:6:SetPositionSetPointWithTime	48	static
../Core/Src/main.c:460:13:CalcPidToOutput	16	static
../Core/Src/main.c:491:13:CalcDceToOutput	16	static
../Core/Src/main.c:522:13:PosTracker_CalcPositionIntegral	16	static
../Core/Src/main.c:529:13:PosTracker_CalcVelocityIntegral	16	static
../Core/Src/main.c:541:13:PosTracker_SetVelocityAcc	16	static
../Core/Src/main.c:553:13:PosTracker_NewTask	16	static
../Core/Src/main.c:567:13:PosTracker_CalcSoftGoal	40	static
../Core/Src/main.c:732:6:HAL_TIM_PeriodElapsedCallback	32	static
../Core/Src/main.c:890:6:CAN_SetVelocitySetPoint	32	static
../Core/Src/main.c:907:5:main	8	static
../Core/Src/main.c:990:6:SystemClock_Config	72	static
../Core/Src/main.c:1033:6:Error_Handler	4	static,ignoring_inline_asm
