../Core/Src/main.c:168:9:GetPosition	1
../Core/Src/main.c:178:13:CalcVelocityIntegral	1
../Core/Src/main.c:190:13:CalcSoftGoal	9
../Core/Src/main.c:250:16:CompensateAdvancedAngle	10
../Core/Src/main.c:282:13:CalcCurrentToOutput	3
../Core/Src/main.c:296:13:CurrentTracker_CalcCurrentIntegral	1
../Core/Src/main.c:308:13:CurrentTracker_SetCurrentAcc	1
../Core/Src/main.c:318:13:CurrentTracker_NewTask	1
../Core/Src/main.c:329:13:CurrentTracker_CalcSoftGoal	9
../Core/Src/main.c:388:6:SetCurrentSetPoint	3
../Core/Src/main.c:400:6:SetVelocitySetPoint	3
../Core/Src/main.c:412:6:SetPositionSetPoint	1
../Core/Src/main.c:426:6:SetPositionSetPointWithTime	2
../Core/Src/main.c:460:13:CalcPidToOutput	7
../Core/Src/main.c:491:13:CalcDceToOutput	9
../Core/Src/main.c:522:13:PosTracker_CalcPositionIntegral	1
../Core/Src/main.c:529:13:PosTracker_CalcVelocityIntegral	1
../Core/Src/main.c:541:13:PosTracker_SetVelocityAcc	1
../Core/Src/main.c:553:13:PosTracker_NewTask	1
../Core/Src/main.c:567:13:PosTracker_CalcSoftGoal	34
../Core/Src/main.c:732:6:HAL_TIM_PeriodElapsedCallback	31
../Core/Src/main.c:890:6:CAN_SetVelocitySetPoint	1
../Core/Src/main.c:907:5:main	1
../Core/Src/main.c:990:6:SystemClock_Config	3
../Core/Src/main.c:1033:6:Error_Handler	1
